Component: ARM Compiler 5.06 update 5 (build 528) Tool: armlink [4d35e2]

==============================================================================

Section Cross References

    startup_stm32f103xb.o(STACK) refers (Special) to heapauxi.o(.text) for __use_two_region_memory
    startup_stm32f103xb.o(HEAP) refers (Special) to heapauxi.o(.text) for __use_two_region_memory
    startup_stm32f103xb.o(RESET) refers (Special) to heapauxi.o(.text) for __use_two_region_memory
    startup_stm32f103xb.o(RESET) refers to startup_stm32f103xb.o(STACK) for __initial_sp
    startup_stm32f103xb.o(RESET) refers to startup_stm32f103xb.o(.text) for Reset_Handler
    startup_stm32f103xb.o(RESET) refers to stm32f1xx_it.o(i.NMI_Handler) for NMI_Handler
    startup_stm32f103xb.o(RESET) refers to stm32f1xx_it.o(i.HardFault_Handler) for HardFault_Handler
    startup_stm32f103xb.o(RESET) refers to stm32f1xx_it.o(i.MemManage_Handler) for MemManage_Handler
    startup_stm32f103xb.o(RESET) refers to stm32f1xx_it.o(i.BusFault_Handler) for BusFault_Handler
    startup_stm32f103xb.o(RESET) refers to stm32f1xx_it.o(i.UsageFault_Handler) for UsageFault_Handler
    startup_stm32f103xb.o(RESET) refers to stm32f1xx_it.o(i.SVC_Handler) for SVC_Handler
    startup_stm32f103xb.o(RESET) refers to stm32f1xx_it.o(i.DebugMon_Handler) for DebugMon_Handler
    startup_stm32f103xb.o(RESET) refers to stm32f1xx_it.o(i.PendSV_Handler) for PendSV_Handler
    startup_stm32f103xb.o(RESET) refers to stm32f1xx_it.o(i.SysTick_Handler) for SysTick_Handler
    startup_stm32f103xb.o(.text) refers (Special) to heapauxi.o(.text) for __use_two_region_memory
    startup_stm32f103xb.o(.text) refers to system_stm32f1xx.o(i.SystemInit) for SystemInit
    startup_stm32f103xb.o(.text) refers to __main.o(!!!main) for __main
    startup_stm32f103xb.o(.text) refers to startup_stm32f103xb.o(HEAP) for Heap_Mem
    startup_stm32f103xb.o(.text) refers to startup_stm32f103xb.o(STACK) for Stack_Mem
    mpu6050.o(i.MPU6050_GetData) refers to mpu6050.o(i.MPU6050_ReadReg) for MPU6050_ReadReg
    mpu6050.o(i.MPU6050_GetID) refers to mpu6050.o(i.MPU6050_ReadReg) for MPU6050_ReadReg
    mpu6050.o(i.MPU6050_Init) refers to myi2c.o(i.MyI2C_Init) for MyI2C_Init
    mpu6050.o(i.MPU6050_Init) refers to mpu6050.o(i.MPU6050_WriteReg) for MPU6050_WriteReg
    mpu6050.o(i.MPU6050_ReadReg) refers to myi2c.o(i.MyI2C_Start) for MyI2C_Start
    mpu6050.o(i.MPU6050_ReadReg) refers to myi2c.o(i.MyI2C_SendByte) for MyI2C_SendByte
    mpu6050.o(i.MPU6050_ReadReg) refers to myi2c.o(i.MyI2C_ReceiveAck) for MyI2C_ReceiveAck
    mpu6050.o(i.MPU6050_ReadReg) refers to myi2c.o(i.MyI2C_ReceiveByte) for MyI2C_ReceiveByte
    mpu6050.o(i.MPU6050_ReadReg) refers to myi2c.o(i.MyI2C_SendAck) for MyI2C_SendAck
    mpu6050.o(i.MPU6050_ReadReg) refers to myi2c.o(i.MyI2C_Stop) for MyI2C_Stop
    mpu6050.o(i.MPU6050_WriteReg) refers to myi2c.o(i.MyI2C_Start) for MyI2C_Start
    mpu6050.o(i.MPU6050_WriteReg) refers to myi2c.o(i.MyI2C_SendByte) for MyI2C_SendByte
    mpu6050.o(i.MPU6050_WriteReg) refers to myi2c.o(i.MyI2C_ReceiveAck) for MyI2C_ReceiveAck
    mpu6050.o(i.MPU6050_WriteReg) refers to myi2c.o(i.MyI2C_Stop) for MyI2C_Stop
    myi2c.o(i.MyI2C_Init) refers to stm32f1xx_hal_gpio.o(i.HAL_GPIO_WritePin) for HAL_GPIO_WritePin
    myi2c.o(i.MyI2C_R_SDA) refers to stm32f1xx_hal_gpio.o(i.HAL_GPIO_ReadPin) for HAL_GPIO_ReadPin
    myi2c.o(i.MyI2C_ReceiveAck) refers to myi2c.o(i.MyI2C_W_SDA) for MyI2C_W_SDA
    myi2c.o(i.MyI2C_ReceiveAck) refers to myi2c.o(i.MyI2C_W_SCL) for MyI2C_W_SCL
    myi2c.o(i.MyI2C_ReceiveAck) refers to myi2c.o(i.MyI2C_R_SDA) for MyI2C_R_SDA
    myi2c.o(i.MyI2C_ReceiveByte) refers to myi2c.o(i.MyI2C_W_SDA) for MyI2C_W_SDA
    myi2c.o(i.MyI2C_ReceiveByte) refers to myi2c.o(i.MyI2C_W_SCL) for MyI2C_W_SCL
    myi2c.o(i.MyI2C_ReceiveByte) refers to myi2c.o(i.MyI2C_R_SDA) for MyI2C_R_SDA
    myi2c.o(i.MyI2C_SendAck) refers to myi2c.o(i.MyI2C_W_SDA) for MyI2C_W_SDA
    myi2c.o(i.MyI2C_SendAck) refers to myi2c.o(i.MyI2C_W_SCL) for MyI2C_W_SCL
    myi2c.o(i.MyI2C_SendByte) refers to myi2c.o(i.MyI2C_W_SDA) for MyI2C_W_SDA
    myi2c.o(i.MyI2C_SendByte) refers to myi2c.o(i.MyI2C_W_SCL) for MyI2C_W_SCL
    myi2c.o(i.MyI2C_Start) refers to myi2c.o(i.MyI2C_W_SDA) for MyI2C_W_SDA
    myi2c.o(i.MyI2C_Start) refers to myi2c.o(i.MyI2C_W_SCL) for MyI2C_W_SCL
    myi2c.o(i.MyI2C_Stop) refers to myi2c.o(i.MyI2C_W_SDA) for MyI2C_W_SDA
    myi2c.o(i.MyI2C_Stop) refers to myi2c.o(i.MyI2C_W_SCL) for MyI2C_W_SCL
    myi2c.o(i.MyI2C_W_SCL) refers to stm32f1xx_hal_gpio.o(i.HAL_GPIO_WritePin) for HAL_GPIO_WritePin
    myi2c.o(i.MyI2C_W_SDA) refers to stm32f1xx_hal_gpio.o(i.HAL_GPIO_WritePin) for HAL_GPIO_WritePin
    oled.o(i.OLED_Clear) refers to oled.o(.bss) for .bss
    oled.o(i.OLED_ClearArea) refers to oled.o(.bss) for .bss
    oled.o(i.OLED_DrawArc) refers to oled.o(i.OLED_IsInAngle) for OLED_IsInAngle
[...]
    ../fplib/f2d.s                           0x00000000   Number         0  f2d.o ABSOLUTE
    ../fplib/faddsub.s                       0x00000000   Number         0  faddsub_clz.o ABSOLUTE
    ../fplib/fdiv.s                          0x00000000   Number         0  fdiv.o ABSOLUTE
    ../fplib/fflt.s                          0x00000000   Number         0  fflt_clz.o ABSOLUTE
    ../fplib/fmul.s                          0x00000000   Number         0  fmul.o ABSOLUTE
    ../fplib/fnaninf.s                       0x00000000   Number         0  fnaninf.o ABSOLUTE
    ../fplib/fpinit.s                        0x00000000   Number         0  fpinit.o ABSOLUTE
    ../fplib/fretinf.s                       0x00000000   Number         0  fretinf.o ABSOLUTE
    ../fplib/istatus.s                       0x00000000   Number         0  istatus.o ABSOLUTE
    ../fplib/printf1.s                       0x00000000   Number         0  printf1.o ABSOLUTE
    ../fplib/printf2.s                       0x00000000   Number         0  printf2.o ABSOLUTE
    ../fplib/printf2a.s                      0x00000000   Number         0  printf2a.o ABSOLUTE
    ../fplib/printf2b.s                      0x00000000   Number         0  printf2b.o ABSOLUTE
    ../fplib/retnan.s                        0x00000000   Number         0  retnan.o ABSOLUTE
    ../fplib/scalbn.s                        0x00000000   Number         0  scalbn.o ABSOLUTE
    ../fplib/trapv.s                         0x00000000   Number         0  trapv.o ABSOLUTE
    ../fplib/usenofp.s                       0x00000000   Number         0  usenofp.o ABSOLUTE
    ../mathlib/atan.c                        0x00000000   Number         0  atan_x.o ABSOLUTE
    ../mathlib/atan.c                        0x00000000   Number         0  atan.o ABSOLUTE
    ../mathlib/atan2.c                       0x00000000   Number         0  atan2_x.o ABSOLUTE
    ../mathlib/atan2.c                       0x00000000   Number         0  atan2.o ABSOLUTE
    ../mathlib/cos.c                         0x00000000   Number         0  cos.o ABSOLUTE
    ../mathlib/cos.c                         0x00000000   Number         0  cos_x.o ABSOLUTE
    ../mathlib/cos_i.c                       0x00000000   Number         0  cos_i.o ABSOLUTE
    ../mathlib/dunder.c                      0x00000000   Number         0  dunder.o ABSOLUTE
    ../mathlib/fpclassify.c                  0x00000000   Number         0  fpclassify.o ABSOLUTE
    ../mathlib/poly.c                        0x00000000   Number         0  poly.o ABSOLUTE
    ../mathlib/pow.c                         0x00000000   Number         0  pow_x.o ABSOLUTE
    ../mathlib/pow.c                         0x00000000   Number         0  pow.o ABSOLUTE
    ../mathlib/qnan.c                        0x00000000   Number         0  qnan.o ABSOLUTE
    ../mathlib/round.c                       0x00000000   Number         0  round.o ABSOLUTE
    ../mathlib/rred.c                        0x00000000   Number         0  rred.o ABSOLUTE
    ../mathlib/sin.c                         0x00000000   Number         0  sin_x.o ABSOLUTE
    ../mathlib/sin.c                         0x00000000   Number         0  sin.o ABSOLUTE
    ../mathlib/sin_i.c                       0x00000000   Number         0  sin_i_x.o ABSOLUTE
    ../mathlib/sin_i.c                       0x00000000   Number         0  sin_i.o ABSOLUTE
    ../mathlib/sqrt.c                        0x00000000   Number         0  sqrt.o ABSOLUTE
    ../mathlib/sqrt.c                        0x00000000   Number         0  sqrt_x.o ABSOLUTE
    ..\Core\Src\IMU.c                        0x00000000   Number         0  imu.o ABSOLUTE
    ..\Core\Src\MPU6050.c                    0x00000000   Number         0  mpu6050.o ABSOLUTE
    ..\Core\Src\MyI2C.c                      0x00000000   Number         0  myi2c.o ABSOLUTE
    ..\Core\Src\OLED.c                       0x00000000   Number         0  oled.o ABSOLUTE
    ..\Core\Src\OLED_Data.c                  0x00000000   Number         0  oled_data.o ABSOLUTE
    ..\Core\Src\can.c                        0x00000000   Number         0  can.o ABSOLUTE
    ..\Core\Src\gpio.c                       0x00000000   Number         0  gpio.o ABSOLUTE
    ..\Core\Src\main.c                       0x00000000   Number         0  main.o ABSOLUTE
    ..\Core\Src\stm32f1xx_hal_msp.c          0x00000000   Number         0  stm32f1xx_hal_msp.o ABSOLUTE
    ..\Core\Src\stm32f1xx_it.c               0x00000000   Number         0  stm32f1xx_it.o ABSOLUTE
    ..\Core\Src\system_stm32f1xx.c           0x00000000   Number         0  system_stm32f1xx.o ABSOLUTE
    ..\Drivers\STM32F1xx_HAL_Driver\Src\stm32f1xx_hal.c 0x00000000   Number         0  stm32f1xx_hal.o ABSOLUTE
    ..\Drivers\STM32F1xx_HAL_Driver\Src\stm32f1xx_hal_can.c 0x00000000   Number         0  stm32f1xx_hal_can.o ABSOLUTE
    ..\Drivers\STM32F1xx_HAL_Driver\Src\stm32f1xx_hal_cortex.c 0x00000000   Number         0  stm32f1xx_hal_cortex.o ABSOLUTE
    ..\Drivers\STM32F1xx_HAL_Driver\Src\stm32f1xx_hal_dma.c 0x00000000   Number         0  stm32f1xx_hal_dma.o ABSOLUTE
    ..\Drivers\STM32F1xx_HAL_Driver\Src\stm32f1xx_hal_exti.c 0x00000000   Number         0  stm32f1xx_hal_exti.o ABSOLUTE
    ..\Drivers\STM32F1xx_HAL_Driver\Src\stm32f1xx_hal_flash.c 0x00000000   Number         0  stm32f1xx_hal_flash.o ABSOLUTE
    ..\Drivers\STM32F1xx_HAL_Driver\Src\stm32f1xx_hal_flash_ex.c 0x00000000   Number         0  stm32f1xx_hal_flash_ex.o ABSOLUTE
    ..\Drivers\STM32F1xx_HAL_Driver\Src\stm32f1xx_hal_gpio.c 0x00000000   Number         0  stm32f1xx_hal_gpio.o ABSOLUTE
    ..\Drivers\STM32F1xx_HAL_Driver\Src\stm32f1xx_hal_gpio_ex.c 0x00000000   Number         0  stm32f1xx_hal_gpio_ex.o ABSOLUTE
    ..\Drivers\STM32F1xx_HAL_Driver\Src\stm32f1xx_hal_pwr.c 0x00000000   Number         0  stm32f1xx_hal_pwr.o ABSOLUTE
    ..\Drivers\STM32F1xx_HAL_Driver\Src\stm32f1xx_hal_rcc.c 0x00000000   Number         0  stm32f1xx_hal_rcc.o ABSOLUTE
    ..\Drivers\STM32F1xx_HAL_Driver\Src\stm32f1xx_hal_rcc_ex.c 0x00000000   Number         0  stm32f1xx_hal_rcc_ex.o ABSOLUTE
    ..\\Core\\Src\\IMU.c                     0x00000000   Number         0  imu.o ABSOLUTE
    ..\\Core\\Src\\MPU6050.c                 0x00000000   Number         0  mpu6050.o ABSOLUTE
    ..\\Core\\Src\\MyI2C.c                   0x00000000   Number         0  myi2c.o ABSOLUTE
    ..\\Core\\Src\\OLED.c                    0x00000000   Number         0  oled.o ABSOLUTE
    dc.s                                     0x00000000   Number         0  dc.o ABSOLUTE
    startup_stm32f103xb.s                    0x00000000   Number         0  startup_stm32f103xb.o ABSOLUTE
    RESET                                    0x08000000   Section      236  startup_stm32f103xb.o(RESET)
    !!!main                                  0x080000ec   Section        8  __main.o(!!!main)
    !!!scatter                               0x080000f4   Section       52  __scatter.o(!!!scatter)
    !!handler_copy                           0x08000128   Section       26  __scatter_copy.o(!!handler_copy)
    !!handler_zi                             0x08000144   Section       28  __scatter_zi.o(!!handler_zi)
    .ARM.Collect$$libinit$$00000000          0x08000160   Section        2  libinit.o(.ARM.Collect$$libinit$$00000000)
    .ARM.Collect$$libinit$$00000002          0x08000162   Section        0  libinit2.o(.ARM.Collect$$libinit$$00000002)
    .ARM.Collect$$libinit$$00000004          0x08000162   Section        0  libinit2.o(.ARM.Collect$$libinit$$00000004)
    .ARM.Collect$$libinit$$0000000A          0x08000162   Section        0  libinit2.o(.ARM.Collect$$libinit$$0000000A)
    .ARM.Collect$$libinit$$0000000C          0x08000162   Section        0  libinit2.o(.ARM.Collect$$libinit$$0000000C)
    .ARM.Collect$$libinit$$0000000E          0x08000162   Section        0  libinit2.o(.ARM.Collect$$libinit$$0000000E)
    .ARM.Collect$$libinit$$00000011          0x08000162   Section        0  libinit2.o(.ARM.Collect$$libinit$$00000011)
    .ARM.Collect$$libinit$$00000013          0x08000162   Section        0  libinit2.o(.ARM.Collect$$libinit$$00000013)
    .ARM.Collect$$libinit$$00000015          0x08000162   Section        0  libinit2.o(.ARM.Collect$$libinit$$00000015)
    .ARM.Collect$$libinit$$00000017          0x08000162   Section        0  libinit2.o(.ARM.Collect$$libinit$$00000017)
    .ARM.Collect$$libinit$$00000019          0x08000162   Section        0  libinit2.o(.ARM.Collect$$libinit$$00000019)
    .ARM.Collect$$libinit$$0000001B          0x08000162   Section        0  libinit2.o(.ARM.Collect$$libinit$$0000001B)
    .ARM.Collect$$libinit$$0000001D          0x08000162   Section        0  libinit2.o(.ARM.Collect$$libinit$$0000001D)
    .ARM.Collect$$libinit$$0000001F          0x08000162   Section        0  libinit2.o(.ARM.Collect$$libinit$$0000001F)
    .ARM.Collect$$libinit$$00000021          0x08000162   Section        0  libinit2.o(.ARM.Collect$$libinit$$00000021)
    .ARM.Collect$$libinit$$00000023          0x08000162   Section        0  libinit2.o(.ARM.Collect$$libinit$$00000023)
    .ARM.Collect$$libinit$$00000025          0x08000162   Section        0  libinit2.o(.ARM.Collect$$libinit$$00000025)
    .ARM.Collect$$libinit$$0000002C          0x08000162   Section        0  libinit2.o(.ARM.Collect$$libinit$$0000002C)
    .ARM.Collect$$libinit$$0000002E          0x08000162   Section        0  libinit2.o(.ARM.Collect$$libinit$$0000002E)
    .ARM.Collect$$libinit$$00000030          0x08000162   Section        0  libinit2.o(.ARM.Collect$$libinit$$00000030)
    .ARM.Collect$$libinit$$00000032          0x08000162   Section        0  libinit2.o(.ARM.Collect$$libinit$$00000032)
    .ARM.Collect$$libinit$$00000033          0x08000162   Section        2  libinit2.o(.ARM.Collect$$libinit$$00000033)
    .ARM.Collect$$libshutdown$$00000000      0x08000164   Section        2  libshutdown.o(.ARM.Collect$$libshutdown$$00000000)
    .ARM.Collect$$libshutdown$$00000002      0x08000166   Section        0  libshutdown2.o(.ARM.Collect$$libshutdown$$00000002)
    .ARM.Collect$$libshutdown$$00000004      0x08000166   Section        0  libshutdown2.o(.ARM.Collect$$libshutdown$$00000004)
    .ARM.Collect$$libshutdown$$00000007      0x08000166   Section        0  libshutdown2.o(.ARM.Collect$$libshutdown$$00000007)
    .ARM.Collect$$libshutdown$$0000000A      0x08000166   Section        0  libshutdown2.o(.ARM.Collect$$libshutdown$$0000000A)
    .ARM.Collect$$libshutdown$$0000000C      0x08000166   Section        0  libshutdown2.o(.ARM.Collect$$libshutdown$$0000000C)
    .ARM.Collect$$libshutdown$$0000000F      0x08000166   Section        0  libshutdown2.o(.ARM.Collect$$libshutdown$$0000000F)
    .ARM.Collect$$libshutdown$$00000010      0x08000166   Section        2  libshutdown2.o(.ARM.Collect$$libshutdown$$00000010)
    .ARM.Collect$$rtentry$$00000000          0x08000168   Section        0  __rtentry.o(.ARM.Collect$$rtentry$$00000000)
    .ARM.Collect$$rtentry$$00000002          0x08000168   Section        0  __rtentry2.o(.ARM.Collect$$rtentry$$00000002)
    .ARM.Collect$$rtentry$$00000004          0x08000168   Section        6  __rtentry4.o(.ARM.Collect$$rtentry$$00000004)
    .ARM.Collect$$rtentry$$00000009          0x0800016e   Section        0  __rtentry2.o(.ARM.Collect$$rtentry$$00000009)
    .ARM.Collect$$rtentry$$0000000A          0x0800016e   Section        4  __rtentry2.o(.ARM.Collect$$rtentry$$0000000A)
    .ARM.Collect$$rtentry$$0000000C          0x08000172   Section        0  __rtentry2.o(.ARM.Collect$$rtentry$$0000000C)
    .ARM.Collect$$rtentry$$0000000D          0x08000172   Section        8  __rtentry2.o(.ARM.Collect$$rtentry$$0000000D)
    .ARM.Collect$$rtexit$$00000000           0x0800017a   Section        2  rtexit.o(.ARM.Collect$$rtexit$$00000000)
    .ARM.Collect$$rtexit$$00000002           0x0800017c   Section        0  rtexit2.o(.ARM.Collect$$rtexit$$00000002)
    .ARM.Collect$$rtexit$$00000003           0x0800017c   Section        4  rtexit2.o(.ARM.Collect$$rtexit$$00000003)
    .ARM.Collect$$rtexit$$00000004           0x08000180   Section        6  rtexit2.o(.ARM.Collect$$rtexit$$00000004)
    .text                                    0x08000188   Section       64  startup_stm32f103xb.o(.text)
    .text                                    0x080001c8   Section       78  rt_memclr_w.o(.text)
    .text                                    0x08000216   Section        0  heapauxi.o(.text)
    .text                                    0x0800021c   Section        0  _rserrno.o(.text)
    .text                                    0x08000234   Section        8  rt_errno_addr_intlibspace.o(.text)
    .text                                    0x0800023c   Section        8  libspace.o(.text)
    .text                                    0x08000244   Section       74  sys_stackheap_outer.o(.text)
    .text                                    0x0800028e   Section        0  exit.o(.text)
    .text                                    0x080002a0   Section        0  sys_exit.o(.text)
    .text                                    0x080002ac   Section        2  use_no_semi.o(.text)
    .text                                    0x080002ae   Section        0  indicate_semi.o(.text)
    i.BusFault_Handler                       0x080002ae   Section        0  stm32f1xx_it.o(i.BusFault_Handler)
    i.DebugMon_Handler                       0x080002b0   Section        0  stm32f1xx_it.o(i.DebugMon_Handler)
    i.Error_Handler                          0x080002b2   Section        0  main.o(i.Error_Handler)
    i.HAL_CAN_ConfigFilter                   0x080002b8   Section        0  stm32f1xx_hal_can.o(i.HAL_CAN_ConfigFilter)
    i.HAL_CAN_Init                           0x080003a6   Section        0  stm32f1xx_hal_can.o(i.HAL_CAN_Init)
    i.HAL_CAN_MspInit                        0x080004c0   Section        0  can.o(i.HAL_CAN_MspInit)
    i.HAL_CAN_Start                          0x0800052c   Section        0  stm32f1xx_hal_can.o(i.HAL_CAN_Start)
    i.HAL_GPIO_Init                          0x08000584   Section        0  stm32f1xx_hal_gpio.o(i.HAL_GPIO_Init)
    i.HAL_GPIO_ReadPin                       0x08000764   Section        0  stm32f1xx_hal_gpio.o(i.HAL_GPIO_ReadPin)
    i.HAL_GPIO_WritePin                      0x0800076e   Section        0  stm32f1xx_hal_gpio.o(i.HAL_GPIO_WritePin)
    i.HAL_GetTick                            0x08000778   Section        0  stm32f1xx_hal.o(i.HAL_GetTick)
    i.HAL_IncTick                            0x08000784   Section        0  stm32f1xx_hal.o(i.HAL_IncTick)
    i.HAL_Init                               0x08000794   Section        0  stm32f1xx_hal.o(i.HAL_Init)
    i.HAL_InitTick                           0x080007b8   Section        0  stm32f1xx_hal.o(i.HAL_InitTick)
    i.HAL_MspInit                            0x080007f8   Section        0  stm32f1xx_hal_msp.o(i.HAL_MspInit)
    i.HAL_NVIC_SetPriority                   0x08000834   Section        0  stm32f1xx_hal_cortex.o(i.HAL_NVIC_SetPriority)
    i.HAL_NVIC_SetPriorityGrouping           0x08000874   Section        0  stm32f1xx_hal_cortex.o(i.HAL_NVIC_SetPriorityGrouping)
    i.HAL_RCC_ClockConfig                    0x08000898   Section        0  stm32f1xx_hal_rcc.o(i.HAL_RCC_ClockConfig)
    i.HAL_RCC_GetSysClockFreq                0x080009c4   Section        0  stm32f1xx_hal_rcc.o(i.HAL_RCC_GetSysClockFreq)
    i.HAL_RCC_OscConfig                      0x08000a10   Section        0  stm32f1xx_hal_rcc.o(i.HAL_RCC_OscConfig)
    i.HAL_SYSTICK_Config                     0x08000d30   Section        0  stm32f1xx_hal_cortex.o(i.HAL_SYSTICK_Config)
    i.HardFault_Handler                      0x08000d58   Section        0  stm32f1xx_it.o(i.HardFault_Handler)
    i.Init_Filter                            0x08000d5c   Section        0  main.o(i.Init_Filter)
    i.MPU6050_GetData                        0x08000d88   Section        0  mpu6050.o(i.MPU6050_GetData)
    i.MPU6050_GetID                          0x08000e1a   Section        0  mpu6050.o(i.MPU6050_GetID)
    i.MPU6050_Init                           0x08000e20   Section        0  mpu6050.o(i.MPU6050_Init)
    i.MPU6050_ReadReg                        0x08000e5a   Section        0  mpu6050.o(i.MPU6050_ReadReg)
    i.MPU6050_WriteReg                       0x08000e98   Section        0  mpu6050.o(i.MPU6050_WriteReg)
    i.MX_CAN_Init                            0x08000ec8   Section        0  can.o(i.MX_CAN_Init)
    i.MX_GPIO_Init                           0x08000f0c   Section        0  gpio.o(i.MX_GPIO_Init)
    i.MemManage_Handler                      0x08000fac   Section        0  stm32f1xx_it.o(i.MemManage_Handler)
    i.MyI2C_Init                             0x08000fb0   Section        0  myi2c.o(i.MyI2C_Init)
    i.MyI2C_R_SDA                            0x08000fc0   Section        0  myi2c.o(i.MyI2C_R_SDA)
    i.MyI2C_ReceiveAck                       0x08000fd8   Section        0  myi2c.o(i.MyI2C_ReceiveAck)
    i.MyI2C_ReceiveByte                      0x08000ff6   Section        0  myi2c.o(i.MyI2C_ReceiveByte)
    i.MyI2C_SendAck                          0x08001028   Section        0  myi2c.o(i.MyI2C_SendAck)
    i.MyI2C_SendByte                         0x0800103e   Section        0  myi2c.o(i.MyI2C_SendByte)
    i.MyI2C_Start                            0x0800106a   Section        0  myi2c.o(i.MyI2C_Start)
    i.MyI2C_Stop                             0x08001088   Section        0  myi2c.o(i.MyI2C_Stop)
    i.MyI2C_W_SCL                            0x080010a0   Section        0  myi2c.o(i.MyI2C_W_SCL)
    i.MyI2C_W_SDA                            0x080010b0   Section        0  myi2c.o(i.MyI2C_W_SDA)
    i.NMI_Handler                            0x080010c0   Section        0  stm32f1xx_it.o(i.NMI_Handler)
    i.OLED_Clear                             0x080010c4   Section        0  oled.o(i.OLED_Clear)
    i.OLED_ClearArea                         0x080010ec   Section        0  oled.o(i.OLED_ClearArea)
    i.OLED_GPIO_Init                         0x08001148   Section        0  oled.o(i.OLED_GPIO_Init)
    i.OLED_I2C_SendByte                      0x08001172   Section        0  oled.o(i.OLED_I2C_SendByte)
    i.OLED_I2C_Start                         0x080011ac   Section        0  oled.o(i.OLED_I2C_Start)
    i.OLED_I2C_Stop                          0x080011ca   Section        0  oled.o(i.OLED_I2C_Stop)
    i.OLED_Init                              0x080011e2   Section        0  oled.o(i.OLED_Init)
    i.OLED_Pow                               0x0800127e   Section        0  oled.o(i.OLED_Pow)
    i.OLED_SetCursor                         0x0800128c   Section        0  oled.o(i.OLED_SetCursor)
    i.OLED_ShowChar                          0x080012b0   Section        0  oled.o(i.OLED_ShowChar)
    i.OLED_ShowFloatNum                      0x080012ec   Section        0  oled.o(i.OLED_ShowFloatNum)
    i.OLED_ShowImage                         0x080013ac   Section        0  oled.o(i.OLED_ShowImage)
    i.OLED_ShowNum                           0x08001468   Section        0  oled.o(i.OLED_ShowNum)
    i.OLED_Update                            0x080014b0   Section        0  oled.o(i.OLED_Update)
    i.OLED_W_SCL                             0x080014d8   Section        0  oled.o(i.OLED_W_SCL)
    i.OLED_W_SDA                             0x080014e8   Section        0  oled.o(i.OLED_W_SDA)
    i.OLED_WriteCommand                      0x080014f8   Section        0  oled.o(i.OLED_WriteCommand)
    i.OLED_WriteData                         0x0800151a   Section        0  oled.o(i.OLED_WriteData)
    i.PendSV_Handler                         0x0800154a   Section        0  stm32f1xx_it.o(i.PendSV_Handler)
    i.SVC_Handler                            0x0800154c   Section        0  stm32f1xx_it.o(i.SVC_Handler)
    i.SysTick_Handler                        0x0800154e   Section        0  stm32f1xx_it.o(i.SysTick_Handler)
    i.SystemClock_Config                     0x08001552   Section        0  main.o(i.SystemClock_Config)
    i.SystemInit                             0x080015b0   Section        0  system_stm32f1xx.o(i.SystemInit)
    i.UsageFault_Handler                     0x080015b2   Section        0  stm32f1xx_it.o(i.UsageFault_Handler)
    i.__ARM_fpclassify                       0x080015b4   Section        0  fpclassify.o(i.__ARM_fpclassify)
    i.__NVIC_SetPriority                     0x080015dc   Section        0  stm32f1xx_hal_cortex.o(i.__NVIC_SetPriority)
    __NVIC_SetPriority                       0x080015dd   Thumb Code    32  stm32f1xx_hal_cortex.o(i.__NVIC_SetPriority)
    i.__ieee754_rem_pio2                     0x080015fc   Section        0  rred.o(i.__ieee754_rem_pio2)
    i.__kernel_cos                           0x08001984   Section        0  cos_i.o(i.__kernel_cos)
    i.__kernel_poly                          0x08001a80   Section        0  poly.o(i.__kernel_poly)
    i.__kernel_sin                           0x08001b2c   Section        0  sin_i.o(i.__kernel_sin)
    i.__mathlib_dbl_divzero                  0x08001c18   Section        0  dunder.o(i.__mathlib_dbl_divzero)
    i.__mathlib_dbl_infnan                   0x08001c28   Section        0  dunder.o(i.__mathlib_dbl_infnan)
    i.__mathlib_dbl_infnan2                  0x08001c2e   Section        0  dunder.o(i.__mathlib_dbl_infnan2)
    i.__mathlib_dbl_invalid                  0x08001c32   Section        0  dunder.o(i.__mathlib_dbl_invalid)
    i.__mathlib_dbl_overflow                 0x08001c3e   Section        0  dunder.o(i.__mathlib_dbl_overflow)
    i.__mathlib_dbl_underflow                0x08001c4c   Section        0  dunder.o(i.__mathlib_dbl_underflow)
    i.atan                                   0x08001c5c   Section        0  atan.o(i.atan)
    i.cos                                    0x08001e7c   Section        0  cos.o(i.cos)
    i.loop                                   0x08001f18   Section        0  imu.o(i.loop)
    i.main                                   0x08002254   Section        0  main.o(i.main)
    i.pow                                    0x080022d0   Section        0  pow.o(i.pow)
    i.round                                  0x08002ca8   Section        0  round.o(i.round)
    i.sin                                    0x08002d3c   Section        0  sin.o(i.sin)
    i.sqrt                                   0x08002ddc   Section        0  sqrt.o(i.sqrt)
    x$fpl$d2f                                0x08002e28   Section       98  d2f.o(x$fpl$d2f)
    x$fpl$dadd                               0x08002e8c   Section      336  daddsub_clz.o(x$fpl$dadd)
    _dadd1                                   0x08002e9d   Thumb Code     0  daddsub_clz.o(x$fpl$dadd)
    x$fpl$dcheck1                            0x08002fdc   Section       16  dcheck1.o(x$fpl$dcheck1)
    x$fpl$dcmpinf                            0x08002fec   Section       24  dcmpi.o(x$fpl$dcmpinf)
    x$fpl$ddiv                               0x08003004   Section      688  ddiv.o(x$fpl$ddiv)
    ddiv_entry                               0x0800300b   Thumb Code     0  ddiv.o(x$fpl$ddiv)
    x$fpl$dfix                               0x080032b4   Section       94  dfix.o(x$fpl$dfix)
    x$fpl$dfixu                              0x08003314   Section       90  dfixu.o(x$fpl$dfixu)
    x$fpl$dflt                               0x0800336e   Section       46  dflt_clz.o(x$fpl$dflt)
    x$fpl$dfltu                              0x0800339c   Section       38  dflt_clz.o(x$fpl$dfltu)
    x$fpl$dleqf                              0x080033c4   Section      120  dleqf.o(x$fpl$dleqf)
    x$fpl$dmul                               0x0800343c   Section      340  dmul.o(x$fpl$dmul)
    x$fpl$dnaninf                            0x08003590   Section      156  dnaninf.o(x$fpl$dnaninf)
    x$fpl$dretinf                            0x0800362c   Section       12  dretinf.o(x$fpl$dretinf)
    x$fpl$drleqf                             0x08003638   Section      108  drleqf.o(x$fpl$drleqf)
    x$fpl$drnd                               0x080036a4   Section      180  drnd.o(x$fpl$drnd)
    x$fpl$drsb                               0x08003758   Section       22  daddsub_clz.o(x$fpl$drsb)
    x$fpl$dsqrt                              0x08003770   Section      460  dsqrt_noumaal.o(x$fpl$dsqrt)
    x$fpl$dsub                               0x0800393c   Section      468  daddsub_clz.o(x$fpl$dsub)
    _dsub1                                   0x0800394d   Thumb Code     0  daddsub_clz.o(x$fpl$dsub)
    x$fpl$f2d                                0x08003b10   Section       86  f2d.o(x$fpl$f2d)
    x$fpl$fadd                               0x08003b68   Section      196  faddsub_clz.o(x$fpl$fadd)
    _fadd1                                   0x08003b77   Thumb Code     0  faddsub_clz.o(x$fpl$fadd)
    x$fpl$fdiv                               0x08003c2c   Section      388  fdiv.o(x$fpl$fdiv)
    _fdiv1                                   0x08003c2d   Thumb Code     0  fdiv.o(x$fpl$fdiv)
    x$fpl$fflt                               0x08003db0   Section       48  fflt_clz.o(x$fpl$fflt)
    x$fpl$fmul                               0x08003de0   Section      258  fmul.o(x$fpl$fmul)
    x$fpl$fnaninf                            0x08003ee2   Section      140  fnaninf.o(x$fpl$fnaninf)
    x$fpl$fretinf                            0x08003f6e   Section       10  fretinf.o(x$fpl$fretinf)
    x$fpl$fsub                               0x08003f78   Section      234  faddsub_clz.o(x$fpl$fsub)
    _fsub1                                   0x08003f87   Thumb Code     0  faddsub_clz.o(x$fpl$fsub)
    x$fpl$retnan                             0x08004062   Section      100  retnan.o(x$fpl$retnan)
    x$fpl$scalbn                             0x080040c6   Section       92  scalbn.o(x$fpl$scalbn)
    x$fpl$trapveneer                         0x08004122   Section       48  trapv.o(x$fpl$trapveneer)
    .constdata                               0x08004152   Section     1520  oled_data.o(.constdata)
    x$fpl$usenofp                            0x08004152   Section        0  usenofp.o(x$fpl$usenofp)
    .constdata                               0x08004742   Section      570  oled_data.o(.constdata)
    .constdata                               0x0800497c   Section       18  stm32f1xx_hal_rcc.o(.constdata)
    aPredivFactorTable                       0x0800497c   Data           2  stm32f1xx_hal_rcc.o(.constdata)
    aPLLMULFactorTable                       0x0800497e   Data          16  stm32f1xx_hal_rcc.o(.constdata)
    .constdata                               0x0800498e   Section       16  system_stm32f1xx.o(.constdata)
    .constdata                               0x080049a0   Section      152  atan.o(.constdata)
    atanhi                                   0x080049a0   Data          32  atan.o(.constdata)
    atanlo                                   0x080049c0   Data          32  atan.o(.constdata)
    aTodd                                    0x080049e0   Data          40  atan.o(.constdata)
    aTeven                                   0x08004a08   Data          48  atan.o(.constdata)
    .constdata                               0x08004a38   Section      136  pow.o(.constdata)
    bp                                       0x08004a38   Data          16  pow.o(.constdata)
    dp_h                                     0x08004a48   Data          16  pow.o(.constdata)
    dp_l                                     0x08004a58   Data          16  pow.o(.constdata)
    L                                        0x08004a68   Data          48  pow.o(.constdata)
    P                                        0x08004a98   Data          40  pow.o(.constdata)
    .constdata                               0x08004ac0   Section       48  cos_i.o(.constdata)
    C                                        0x08004ac0   Data          48  cos_i.o(.constdata)
    .constdata                               0x08004af0   Section        8  qnan.o(.constdata)
    .constdata                               0x08004af8   Section      200  rred.o(.constdata)
    pio2s                                    0x08004af8   Data          48  rred.o(.constdata)
    twooverpi                                0x08004b28   Data         152  rred.o(.constdata)
    .constdata                               0x08004bc0   Section       40  sin_i.o(.constdata)
    S                                        0x08004bc0   Data          40  sin_i.o(.constdata)
    .data                                    0x20000000   Section       12  main.o(.data)
    .data                                    0x2000000c   Section       92  imu.o(.data)
    .data                                    0x20000068   Section       12  stm32f1xx_hal.o(.data)
    .data                                    0x20000074   Section        4  system_stm32f1xx.o(.data)
    .bss                                     0x20000078   Section     1024  oled.o(.bss)
    .bss                                     0x20000478   Section       40  can.o(.bss)
    .bss                                     0x200004a0   Section       16  imu.o(.bss)
    .bss                                     0x200004b0   Section       96  libspace.o(.bss)
    HEAP                                     0x20000510   Section      512  startup_stm32f103xb.o(HEAP)
    Heap_Mem                                 0x20000510   Data         512  startup_stm32f103xb.o(HEAP)
    STACK                                    0x20000710   Section     1024  startup_stm32f103xb.o(STACK)
    Stack_Mem                                0x20000710   Data        1024  startup_stm32f103xb.o(STACK)
    __initial_sp                             0x20000b10   Data           0  startup_stm32f103xb.o(STACK)

    Global Symbols

    Symbol Name                              Value     Ov Type        Size  Object(Section)

    BuildAttributes$$THM_ISAv4$P$D$K$B$S$PE$A:L22UL41UL21$X:L11$S22US41US21$IEEE1$IW$USESV6$~STKCKD$USESV7$~SHL$OTIME$ROPI$IEEEX$EBA8$UX$STANDARDLIB$REQ8$PRES8$EABIv2 0x00000000   Number         0  anon$$obj.o ABSOLUTE
    __ARM_use_no_argv                        0x00000000   Number         0  main.o ABSOLUTE
    _printf_flags                            0x00000000   Number         0  printf_stubs.o ABSOLUTE
    _printf_return_value                     0x00000000   Number         0  printf_stubs.o ABSOLUTE
    _printf_sizespec                         0x00000000   Number         0  printf_stubs.o ABSOLUTE
    _printf_widthprec                        0x00000000   Number         0  printf_stubs.o ABSOLUTE
    __ARM_exceptions_init                     - Undefined Weak Reference
    __alloca_initialize                       - Undefined Weak Reference
    __arm_preinit_                            - Undefined Weak Reference
    __cpp_initialize__aeabi_                  - Undefined Weak Reference
    __cxa_finalize                            - Undefined Weak Reference
    __sigvec_lookup                           - Undefined Weak Reference
    _atexit_init                              - Undefined Weak Reference
    _call_atexit_fns                          - Undefined Weak Reference
    _clock_init                               - Undefined Weak Reference
    _fp_trap_init                             - Undefined Weak Reference
    _fp_trap_shutdown                         - Undefined Weak Reference
    _get_lc_collate                           - Undefined Weak Reference
    _get_lc_monetary                          - Undefined Weak Reference
    _get_lc_time                              - Undefined Weak Reference
    _getenv_init                              - Undefined Weak Reference
    _handle_redirection                       - Undefined Weak Reference
    _init_alloc                               - Undefined Weak Reference
    _init_user_alloc                          - Undefined Weak Reference
    _initio                                   - Undefined Weak Reference
    _printf_mbtowc                            - Undefined Weak Reference
    _printf_wc                                - Undefined Weak Reference
    _rand_init                                - Undefined Weak Reference
    _signal_finish                            - Undefined Weak Reference
    _signal_init                              - Undefined Weak Reference
    _terminate_alloc                          - Undefined Weak Reference
    _terminate_user_alloc                     - Undefined Weak Reference
    _terminateio                              - Undefined Weak Reference
    __Vectors_Size                           0x000000ec   Number         0  startup_stm32f103xb.o ABSOLUTE
    __Vectors                                0x08000000   Data           4  startup_stm32f103xb.o(RESET)
    __Vectors_End                            0x080000ec   Data           0  startup_stm32f103xb.o(RESET)
    __main                                   0x080000ed   Thumb Code     8  __main.o(!!!main)
    __scatterload                            0x080000f5   Thumb Code     0  __scatter.o(!!!scatter)
    __scatterload_rt2                        0x080000f5   Thumb Code    44  __scatter.o(!!!scatter)
    __scatterload_rt2_thumb_only             0x080000f5   Thumb Code     0  __scatter.o(!!!scatter)
    __scatterload_null                       0x08000103   Thumb Code     0  __scatter.o(!!!scatter)
    __scatterload_copy                       0x08000129   Thumb Code    26  __scatter_copy.o(!!handler_copy)
    __scatterload_zeroinit                   0x08000145   Thumb Code    28  __scatter_zi.o(!!handler_zi)
    __rt_lib_init                            0x08000161   Thumb Code     0  libinit.o(.ARM.Collect$$libinit$$00000000)
    __rt_lib_init_alloca_1                   0x08000163   Thumb Code     0  libinit2.o(.ARM.Collect$$libinit$$0000002E)
    __rt_lib_init_argv_1                     0x08000163   Thumb Code     0  libinit2.o(.ARM.Collect$$libinit$$0000002C)
    __rt_lib_init_atexit_1                   0x08000163   Thumb Code     0  libinit2.o(.ARM.Collect$$libinit$$0000001B)
    __rt_lib_init_clock_1                    0x08000163   Thumb Code     0  libinit2.o(.ARM.Collect$$libinit$$00000021)
    __rt_lib_init_cpp_1                      0x08000163   Thumb Code     0  libinit2.o(.ARM.Collect$$libinit$$00000032)
    __rt_lib_init_exceptions_1               0x08000163   Thumb Code     0  libinit2.o(.ARM.Collect$$libinit$$00000030)
    __rt_lib_init_fp_1                       0x08000163   Thumb Code     0  libinit2.o(.ARM.Collect$$libinit$$00000002)
    __rt_lib_init_fp_trap_1                  0x08000163   Thumb Code     0  libinit2.o(.ARM.Collect$$libinit$$0000001F)
    __rt_lib_init_getenv_1                   0x08000163   Thumb Code     0  libinit2.o(.ARM.Collect$$libinit$$00000023)
    __rt_lib_init_heap_1                     0x08000163   Thumb Code     0  libinit2.o(.ARM.Collect$$libinit$$0000000A)
    __rt_lib_init_lc_collate_1               0x08000163   Thumb Code     0  libinit2.o(.ARM.Collect$$libinit$$00000011)
    __rt_lib_init_lc_ctype_1                 0x08000163   Thumb Code     0  libinit2.o(.ARM.Collect$$libinit$$00000013)
    __rt_lib_init_lc_monetary_1              0x08000163   Thumb Code     0  libinit2.o(.ARM.Collect$$libinit$$00000015)
    __rt_lib_init_lc_numeric_1               0x08000163   Thumb Code     0  libinit2.o(.ARM.Collect$$libinit$$00000017)
    __rt_lib_init_lc_time_1                  0x08000163   Thumb Code     0  libinit2.o(.ARM.Collect$$libinit$$00000019)
    __rt_lib_init_preinit_1                  0x08000163   Thumb Code     0  libinit2.o(.ARM.Collect$$libinit$$00000004)
    __rt_lib_init_rand_1                     0x08000163   Thumb Code     0  libinit2.o(.ARM.Collect$$libinit$$0000000E)
    __rt_lib_init_return                     0x08000163   Thumb Code     0  libinit2.o(.ARM.Collect$$libinit$$00000033)
    __rt_lib_init_signal_1                   0x08000163   Thumb Code     0  libinit2.o(.ARM.Collect$$libinit$$0000001D)
    __rt_lib_init_stdio_1                    0x08000163   Thumb Code     0  libinit2.o(.ARM.Collect$$libinit$$00000025)
    __rt_lib_init_user_alloc_1               0x08000163   Thumb Code     0  libinit2.o(.ARM.Collect$$libinit$$0000000C)
    __rt_lib_shutdown                        0x08000165   Thumb Code     0  libshutdown.o(.ARM.Collect$$libshutdown$$00000000)
    __rt_lib_shutdown_cpp_1                  0x08000167   Thumb Code     0  libshutdown2.o(.ARM.Collect$$libshutdown$$00000002)
    __rt_lib_shutdown_fp_trap_1              0x08000167   Thumb Code     0  libshutdown2.o(.ARM.Collect$$libshutdown$$00000007)
    __rt_lib_shutdown_heap_1                 0x08000167   Thumb Code     0  libshutdown2.o(.ARM.Collect$$libshutdown$$0000000F)
    __rt_lib_shutdown_return                 0x08000167   Thumb Code     0  libshutdown2.o(.ARM.Collect$$libshutdown$$00000010)
    __rt_lib_shutdown_signal_1               0x08000167   Thumb Code     0  libshutdown2.o(.ARM.Collect$$libshutdown$$0000000A)
    __rt_lib_shutdown_stdio_1                0x08000167   Thumb Code     0  libshutdown2.o(.ARM.Collect$$libshutdown$$00000004)
    __rt_lib_shutdown_user_alloc_1           0x08000167   Thumb Code     0  libshutdown2.o(.ARM.Collect$$libshutdown$$0000000C)
    __rt_entry                               0x08000169   Thumb Code     0  __rtentry.o(.ARM.Collect$$rtentry$$00000000)
    __rt_entry_presh_1                       0x08000169   Thumb Code     0  __rtentry2.o(.ARM.Collect$$rtentry$$00000002)
    __rt_entry_sh                            0x08000169   Thumb Code     0  __rtentry4.o(.ARM.Collect$$rtentry$$00000004)
    __rt_entry_li                            0x0800016f   Thumb Code     0  __rtentry2.o(.ARM.Collect$$rtentry$$0000000A)
    __rt_entry_postsh_1                      0x0800016f   Thumb Code     0  __rtentry2.o(.ARM.Collect$$rtentry$$00000009)
    __rt_entry_main                          0x08000173   Thumb Code     0  __rtentry2.o(.ARM.Collect$$rtentry$$0000000D)
    __rt_entry_postli_1                      0x08000173   Thumb Code     0  __rtentry2.o(.ARM.Collect$$rtentry$$0000000C)
    __rt_exit                                0x0800017b   Thumb Code     0  rtexit.o(.ARM.Collect$$rtexit$$00000000)
    __rt_exit_ls                             0x0800017d   Thumb Code     0  rtexit2.o(.ARM.Collect$$rtexit$$00000003)
    __rt_exit_prels_1                        0x0800017d   Thumb Code     0  rtexit2.o(.ARM.Collect$$rtexit$$00000002)
    __rt_exit_exit                           0x08000181   Thumb Code     0  rtexit2.o(.ARM.Collect$$rtexit$$00000004)
    Reset_Handler                            0x08000189   Thumb Code     8  startup_stm32f103xb.o(.text)
    ADC1_2_IRQHandler                        0x080001a3   Thumb Code     0  startup_stm32f103xb.o(.text)
    CAN1_RX1_IRQHandler                      0x080001a3   Thumb Code     0  startup_stm32f103xb.o(.text)
    CAN1_SCE_IRQHandler                      0x080001a3   Thumb Code     0  startup_stm32f103xb.o(.text)
    DMA1_Channel1_IRQHandler                 0x080001a3   Thumb Code     0  startup_stm32f103xb.o(.text)
    DMA1_Channel2_IRQHandler                 0x080001a3   Thumb Code     0  startup_stm32f103xb.o(.text)
    DMA1_Channel3_IRQHandler                 0x080001a3   Thumb Code     0  startup_stm32f103xb.o(.text)
    DMA1_Channel4_IRQHandler                 0x080001a3   Thumb Code     0  startup_stm32f103xb.o(.text)
    DMA1_Channel5_IRQHandler                 0x080001a3   Thumb Code     0  startup_stm32f103xb.o(.text)
    DMA1_Channel6_IRQHandler                 0x080001a3   Thumb Code     0  startup_stm32f103xb.o(.text)
    DMA1_Channel7_IRQHandler                 0x080001a3   Thumb Code     0  startup_stm32f103xb.o(.text)
    EXTI0_IRQHandler                         0x080001a3   Thumb Code     0  startup_stm32f103xb.o(.text)
    EXTI15_10_IRQHandler                     0x080001a3   Thumb Code     0  startup_stm32f103xb.o(.text)
    EXTI1_IRQHandler                         0x080001a3   Thumb Code     0  startup_stm32f103xb.o(.text)
    EXTI2_IRQHandler                         0x080001a3   Thumb Code     0  startup_stm32f103xb.o(.text)
    EXTI3_IRQHandler                         0x080001a3   Thumb Code     0  startup_stm32f103xb.o(.text)
    EXTI4_IRQHandler                         0x080001a3   Thumb Code     0  startup_stm32f103xb.o(.text)
    EXTI9_5_IRQHandler                       0x080001a3   Thumb Code     0  startup_stm32f103xb.o(.text)
    FLASH_IRQHandler                         0x080001a3   Thumb Code     0  startup_stm32f103xb.o(.text)
    I2C1_ER_IRQHandler                       0x080001a3   Thumb Code     0  startup_stm32f103xb.o(.text)
    I2C1_EV_IRQHandler                       0x080001a3   Thumb Code     0  startup_stm32f103xb.o(.text)
    I2C2_ER_IRQHandler                       0x080001a3   Thumb Code     0  startup_stm32f103xb.o(.text)
    I2C2_EV_IRQHandler                       0x080001a3   Thumb Code     0  startup_stm32f103xb.o(.text)
    PVD_IRQHandler                           0x080001a3   Thumb Code     0  startup_stm32f103xb.o(.text)
    RCC_IRQHandler                           0x080001a3   Thumb Code     0  startup_stm32f103xb.o(.text)
    RTC_Alarm_IRQHandler                     0x080001a3   Thumb Code     0  startup_stm32f103xb.o(.text)
    RTC_IRQHandler                           0x080001a3   Thumb Code     0  startup_stm32f103xb.o(.text)
    SPI1_IRQHandler                          0x080001a3   Thumb Code     0  startup_stm32f103xb.o(.text)
    SPI2_IRQHandler                          0x080001a3   Thumb Code     0  startup_stm32f103xb.o(.text)
    TAMPER_IRQHandler                        0x080001a3   Thumb Code     0  startup_stm32f103xb.o(.text)
    TIM1_BRK_IRQHandler                      0x080001a3   Thumb Code     0  startup_stm32f103xb.o(.text)
    TIM1_CC_IRQHandler                       0x080001a3   Thumb Code     0  startup_stm32f103xb.o(.text)
    TIM1_TRG_COM_IRQHandler                  0x080001a3   Thumb Code     0  startup_stm32f103xb.o(.text)
    TIM1_UP_IRQHandler                       0x080001a3   Thumb Code     0  startup_stm32f103xb.o(.text)
    TIM2_IRQHandler                          0x080001a3   Thumb Code     0  startup_stm32f103xb.o(.text)
    TIM3_IRQHandler                          0x080001a3   Thumb Code     0  startup_stm32f103xb.o(.text)
    TIM4_IRQHandler                          0x080001a3   Thumb Code     0  startup_stm32f103xb.o(.text)
    USART1_IRQHandler                        0x080001a3   Thumb Code     0  startup_stm32f103xb.o(.text)
    USART2_IRQHandler                        0x080001a3   Thumb Code     0  startup_stm32f103xb.o(.text)
    USART3_IRQHandler                        0x080001a3   Thumb Code     0  startup_stm32f103xb.o(.text)
    USBWakeUp_IRQHandler                     0x080001a3   Thumb Code     0  startup_stm32f103xb.o(.text)
    USB_HP_CAN1_TX_IRQHandler                0x080001a3   Thumb Code     0  startup_stm32f103xb.o(.text)
    USB_LP_CAN1_RX0_IRQHandler               0x080001a3   Thumb Code     0  startup_stm32f103xb.o(.text)
    WWDG_IRQHandler                          0x080001a3   Thumb Code     0  startup_stm32f103xb.o(.text)
    __user_initial_stackheap                 0x080001a5   Thumb Code     0  startup_stm32f103xb.o(.text)
    __aeabi_memclr4                          0x080001c9   Thumb Code     0  rt_memclr_w.o(.text)
    __aeabi_memclr8                          0x080001c9   Thumb Code     0  rt_memclr_w.o(.text)
    __rt_memclr_w                            0x080001c9   Thumb Code    78  rt_memclr_w.o(.text)
    _memset_w                                0x080001cd   Thumb Code     0  rt_memclr_w.o(.text)
    __use_two_region_memory                  0x08000217   Thumb Code     2  heapauxi.o(.text)
    __rt_heap_escrow$2region                 0x08000219   Thumb Code     2  heapauxi.o(.text)
    __rt_heap_expand$2region                 0x0800021b   Thumb Code     2  heapauxi.o(.text)
    __read_errno                             0x0800021d   Thumb Code    10  _rserrno.o(.text)
    __set_errno                              0x08000227   Thumb Code    12  _rserrno.o(.text)
    __aeabi_errno_addr                       0x08000235   Thumb Code     8  rt_errno_addr_intlibspace.o(.text)
    __errno$intlibspace                      0x08000235   Thumb Code     0  rt_errno_addr_intlibspace.o(.text)
    __rt_errno_addr$intlibspace              0x08000235   Thumb Code     0  rt_errno_addr_intlibspace.o(.text)
    __user_libspace                          0x0800023d   Thumb Code     8  libspace.o(.text)
    __user_perproc_libspace                  0x0800023d   Thumb Code     0  libspace.o(.text)
    __user_perthread_libspace                0x0800023d   Thumb Code     0  libspace.o(.text)
    __user_setup_stackheap                   0x08000245   Thumb Code    74  sys_stackheap_outer.o(.text)
    exit                                     0x0800028f   Thumb Code    18  exit.o(.text)
    _sys_exit                                0x080002a1   Thumb Code     8  sys_exit.o(.text)
    __I$use$semihosting                      0x080002ad   Thumb Code     0  use_no_semi.o(.text)
    __use_no_semihosting_swi                 0x080002ad   Thumb Code     2  use_no_semi.o(.text)
    BusFault_Handler                         0x080002af   Thumb Code     2  stm32f1xx_it.o(i.BusFault_Handler)
    __semihosting_library_function           0x080002af   Thumb Code     0  indicate_semi.o(.text)
    DebugMon_Handler                         0x080002b1   Thumb Code     2  stm32f1xx_it.o(i.DebugMon_Handler)
    Error_Handler                            0x080002b3   Thumb Code     4  main.o(i.Error_Handler)
    HAL_CAN_ConfigFilter                     0x080002b9   Thumb Code   238  stm32f1xx_hal_can.o(i.HAL_CAN_ConfigFilter)
    HAL_CAN_Init                             0x080003a7   Thumb Code   282  stm32f1xx_hal_can.o(i.HAL_CAN_Init)
    HAL_CAN_MspInit                          0x080004c1   Thumb Code    96  can.o(i.HAL_CAN_MspInit)
    HAL_CAN_Start                            0x0800052d   Thumb Code    88  stm32f1xx_hal_can.o(i.HAL_CAN_Start)
    HAL_GPIO_Init                            0x08000585   Thumb Code   446  stm32f1xx_hal_gpio.o(i.HAL_GPIO_Init)
    HAL_GPIO_ReadPin                         0x08000765   Thumb Code    10  stm32f1xx_hal_gpio.o(i.HAL_GPIO_ReadPin)
    HAL_GPIO_WritePin                        0x0800076f   Thumb Code    10  stm32f1xx_hal_gpio.o(i.HAL_GPIO_WritePin)
    HAL_GetTick                              0x08000779   Thumb Code     6  stm32f1xx_hal.o(i.HAL_GetTick)
    HAL_IncTick                              0x08000785   Thumb Code    12  stm32f1xx_hal.o(i.HAL_IncTick)
    HAL_Init                                 0x08000795   Thumb Code    32  stm32f1xx_hal.o(i.HAL_Init)
    HAL_InitTick                             0x080007b9   Thumb Code    54  stm32f1xx_hal.o(i.HAL_InitTick)
    HAL_MspInit                              0x080007f9   Thumb Code    52  stm32f1xx_hal_msp.o(i.HAL_MspInit)
    HAL_NVIC_SetPriority                     0x08000835   Thumb Code    60  stm32f1xx_hal_cortex.o(i.HAL_NVIC_SetPriority)
    HAL_NVIC_SetPriorityGrouping             0x08000875   Thumb Code    26  stm32f1xx_hal_cortex.o(i.HAL_NVIC_SetPriorityGrouping)
    HAL_RCC_ClockConfig                      0x08000899   Thumb Code   280  stm32f1xx_hal_rcc.o(i.HAL_RCC_ClockConfig)
    HAL_RCC_GetSysClockFreq                  0x080009c5   Thumb Code    58  stm32f1xx_hal_rcc.o(i.HAL_RCC_GetSysClockFreq)
    HAL_RCC_OscConfig                        0x08000a11   Thumb Code   778  stm32f1xx_hal_rcc.o(i.HAL_RCC_OscConfig)
    HAL_SYSTICK_Config                       0x08000d31   Thumb Code    40  stm32f1xx_hal_cortex.o(i.HAL_SYSTICK_Config)
    HardFault_Handler                        0x08000d59   Thumb Code     2  stm32f1xx_it.o(i.HardFault_Handler)
    Init_Filter                              0x08000d5d   Thumb Code    38  main.o(i.Init_Filter)
    MPU6050_GetData                          0x08000d89   Thumb Code   146  mpu6050.o(i.MPU6050_GetData)
    MPU6050_GetID                            0x08000e1b   Thumb Code     6  mpu6050.o(i.MPU6050_GetID)
    MPU6050_Init                             0x08000e21   Thumb Code    58  mpu6050.o(i.MPU6050_Init)
    MPU6050_ReadReg                          0x08000e5b   Thumb Code    62  mpu6050.o(i.MPU6050_ReadReg)
    MPU6050_WriteReg                         0x08000e99   Thumb Code    48  mpu6050.o(i.MPU6050_WriteReg)
    MX_CAN_Init                              0x08000ec9   Thumb Code    58  can.o(i.MX_CAN_Init)
    MX_GPIO_Init                             0x08000f0d   Thumb Code   150  gpio.o(i.MX_GPIO_Init)
    MemManage_Handler                        0x08000fad   Thumb Code     2  stm32f1xx_it.o(i.MemManage_Handler)
    MyI2C_Init                               0x08000fb1   Thumb Code    12  myi2c.o(i.MyI2C_Init)
    MyI2C_R_SDA                              0x08000fc1   Thumb Code    20  myi2c.o(i.MyI2C_R_SDA)
    MyI2C_ReceiveAck                         0x08000fd9   Thumb Code    30  myi2c.o(i.MyI2C_ReceiveAck)
    MyI2C_ReceiveByte                        0x08000ff7   Thumb Code    50  myi2c.o(i.MyI2C_ReceiveByte)
    MyI2C_SendAck                            0x08001029   Thumb Code    22  myi2c.o(i.MyI2C_SendAck)
    MyI2C_SendByte                           0x0800103f   Thumb Code    44  myi2c.o(i.MyI2C_SendByte)
    MyI2C_Start                              0x0800106b   Thumb Code    30  myi2c.o(i.MyI2C_Start)
    MyI2C_Stop                               0x08001089   Thumb Code    24  myi2c.o(i.MyI2C_Stop)
    MyI2C_W_SCL                              0x080010a1   Thumb Code    12  myi2c.o(i.MyI2C_W_SCL)
    MyI2C_W_SDA                              0x080010b1   Thumb Code    12  myi2c.o(i.MyI2C_W_SDA)
    NMI_Handler                              0x080010c1   Thumb Code     2  stm32f1xx_it.o(i.NMI_Handler)
    OLED_Clear                               0x080010c5   Thumb Code    34  oled.o(i.OLED_Clear)
    OLED_ClearArea                           0x080010ed   Thumb Code    86  oled.o(i.OLED_ClearArea)
    OLED_GPIO_Init                           0x08001149   Thumb Code    42  oled.o(i.OLED_GPIO_Init)
    OLED_I2C_SendByte                        0x08001173   Thumb Code    58  oled.o(i.OLED_I2C_SendByte)
    OLED_I2C_Start                           0x080011ad   Thumb Code    30  oled.o(i.OLED_I2C_Start)
    OLED_I2C_Stop                            0x080011cb   Thumb Code    24  oled.o(i.OLED_I2C_Stop)
    OLED_Init                                0x080011e3   Thumb Code   156  oled.o(i.OLED_Init)
    OLED_Pow                                 0x0800127f   Thumb Code    14  oled.o(i.OLED_Pow)
    OLED_SetCursor                           0x0800128d   Thumb Code    34  oled.o(i.OLED_SetCursor)
    OLED_ShowChar                            0x080012b1   Thumb Code    52  oled.o(i.OLED_ShowChar)
    OLED_ShowFloatNum                        0x080012ed   Thumb Code   190  oled.o(i.OLED_ShowFloatNum)
    OLED_ShowImage                           0x080013ad   Thumb Code   182  oled.o(i.OLED_ShowImage)
    OLED_ShowNum                             0x08001469   Thumb Code    70  oled.o(i.OLED_ShowNum)
    OLED_Update                              0x080014b1   Thumb Code    34  oled.o(i.OLED_Update)
    OLED_W_SCL                               0x080014d9   Thumb Code    12  oled.o(i.OLED_W_SCL)
    OLED_W_SDA                               0x080014e9   Thumb Code    12  oled.o(i.OLED_W_SDA)
    OLED_WriteCommand                        0x080014f9   Thumb Code    34  oled.o(i.OLED_WriteCommand)
    OLED_WriteData                           0x0800151b   Thumb Code    48  oled.o(i.OLED_WriteData)
    PendSV_Handler                           0x0800154b   Thumb Code     2  stm32f1xx_it.o(i.PendSV_Handler)
    SVC_Handler                              0x0800154d   Thumb Code     2  stm32f1xx_it.o(i.SVC_Handler)
    SysTick_Handler                          0x0800154f   Thumb Code     4  stm32f1xx_it.o(i.SysTick_Handler)
    SystemClock_Config                       0x08001553   Thumb Code    94  main.o(i.SystemClock_Config)
    SystemInit                               0x080015b1   Thumb Code     2  system_stm32f1xx.o(i.SystemInit)
    UsageFault_Handler                       0x080015b3   Thumb Code     2  stm32f1xx_it.o(i.UsageFault_Handler)
    __ARM_fpclassify                         0x080015b5   Thumb Code    40  fpclassify.o(i.__ARM_fpclassify)
    __ieee754_rem_pio2                       0x080015fd   Thumb Code   828  rred.o(i.__ieee754_rem_pio2)
    __kernel_cos                             0x08001985   Thumb Code   230  cos_i.o(i.__kernel_cos)
    __kernel_poly                            0x08001a81   Thumb Code   170  poly.o(i.__kernel_poly)
    __kernel_sin                             0x08001b2d   Thumb Code   224  sin_i.o(i.__kernel_sin)
    __mathlib_dbl_divzero                    0x08001c19   Thumb Code    12  dunder.o(i.__mathlib_dbl_divzero)
    __mathlib_dbl_infnan                     0x08001c29   Thumb Code     6  dunder.o(i.__mathlib_dbl_infnan)
    __mathlib_dbl_infnan2                    0x08001c2f   Thumb Code     4  dunder.o(i.__mathlib_dbl_infnan2)
    __mathlib_dbl_invalid                    0x08001c33   Thumb Code    12  dunder.o(i.__mathlib_dbl_invalid)
    __mathlib_dbl_overflow                   0x08001c3f   Thumb Code    14  dunder.o(i.__mathlib_dbl_overflow)
    __mathlib_dbl_underflow                  0x08001c4d   Thumb Code    10  dunder.o(i.__mathlib_dbl_underflow)
    atan                                     0x08001c5d   Thumb Code   474  atan.o(i.atan)
    cos                                      0x08001e7d   Thumb Code   148  cos.o(i.cos)
    loop                                     0x08001f19   Thumb Code   804  imu.o(i.loop)
    main                                     0x08002255   Thumb Code   114  main.o(i.main)
    pow                                      0x080022d1   Thumb Code  2512  pow.o(i.pow)
    round                                    0x08002ca9   Thumb Code   136  round.o(i.round)
    sin                                      0x08002d3d   Thumb Code   150  sin.o(i.sin)
    sqrt                                     0x08002ddd   Thumb Code    76  sqrt.o(i.sqrt)
    __aeabi_d2f                              0x08002e29   Thumb Code     0  d2f.o(x$fpl$d2f)
    _d2f                                     0x08002e29   Thumb Code    98  d2f.o(x$fpl$d2f)
    __aeabi_dadd                             0x08002e8d   Thumb Code     0  daddsub_clz.o(x$fpl$dadd)
    _dadd                                    0x08002e8d   Thumb Code   332  daddsub_clz.o(x$fpl$dadd)
    __fpl_dcheck_NaN1                        0x08002fdd   Thumb Code    10  dcheck1.o(x$fpl$dcheck1)
    __fpl_dcmp_Inf                           0x08002fed   Thumb Code    24  dcmpi.o(x$fpl$dcmpinf)
    __aeabi_ddiv                             0x08003005   Thumb Code     0  ddiv.o(x$fpl$ddiv)
    _ddiv                                    0x08003005   Thumb Code   552  ddiv.o(x$fpl$ddiv)
    __aeabi_d2iz                             0x080032b5   Thumb Code     0  dfix.o(x$fpl$dfix)
    _dfix                                    0x080032b5   Thumb Code    94  dfix.o(x$fpl$dfix)
    __aeabi_d2uiz                            0x08003315   Thumb Code     0  dfixu.o(x$fpl$dfixu)
    _dfixu                                   0x08003315   Thumb Code    90  dfixu.o(x$fpl$dfixu)
    __aeabi_i2d                              0x0800336f   Thumb Code     0  dflt_clz.o(x$fpl$dflt)
    _dflt                                    0x0800336f   Thumb Code    46  dflt_clz.o(x$fpl$dflt)
    __aeabi_ui2d                             0x0800339d   Thumb Code     0  dflt_clz.o(x$fpl$dfltu)
    _dfltu                                   0x0800339d   Thumb Code    38  dflt_clz.o(x$fpl$dfltu)
    __aeabi_cdcmple                          0x080033c5   Thumb Code     0  dleqf.o(x$fpl$dleqf)
    _dcmple                                  0x080033c5   Thumb Code   120  dleqf.o(x$fpl$dleqf)
    __fpl_dcmple_InfNaN                      0x08003427   Thumb Code     0  dleqf.o(x$fpl$dleqf)
    __aeabi_dmul                             0x0800343d   Thumb Code     0  dmul.o(x$fpl$dmul)
    _dmul                                    0x0800343d   Thumb Code   332  dmul.o(x$fpl$dmul)
    __fpl_dnaninf                            0x08003591   Thumb Code   156  dnaninf.o(x$fpl$dnaninf)
    __fpl_dretinf                            0x0800362d   Thumb Code    12  dretinf.o(x$fpl$dretinf)
    __aeabi_cdrcmple                         0x08003639   Thumb Code     0  drleqf.o(x$fpl$drleqf)
    _drcmple                                 0x08003639   Thumb Code   108  drleqf.o(x$fpl$drleqf)
    _drnd                                    0x080036a5   Thumb Code   180  drnd.o(x$fpl$drnd)
    __aeabi_drsub                            0x08003759   Thumb Code     0  daddsub_clz.o(x$fpl$drsb)
    _drsb                                    0x08003759   Thumb Code    22  daddsub_clz.o(x$fpl$drsb)
    _dsqrt                                   0x08003771   Thumb Code   456  dsqrt_noumaal.o(x$fpl$dsqrt)
    __aeabi_dsub                             0x0800393d   Thumb Code     0  daddsub_clz.o(x$fpl$dsub)
    _dsub                                    0x0800393d   Thumb Code   464  daddsub_clz.o(x$fpl$dsub)
    __aeabi_f2d                              0x08003b11   Thumb Code     0  f2d.o(x$fpl$f2d)
    _f2d                                     0x08003b11   Thumb Code    86  f2d.o(x$fpl$f2d)
    __aeabi_fadd                             0x08003b69   Thumb Code     0  faddsub_clz.o(x$fpl$fadd)
    _fadd                                    0x08003b69   Thumb Code   196  faddsub_clz.o(x$fpl$fadd)
    __aeabi_fdiv                             0x08003c2d   Thumb Code     0  fdiv.o(x$fpl$fdiv)
    _fdiv                                    0x08003c2d   Thumb Code   384  fdiv.o(x$fpl$fdiv)
    __aeabi_i2f                              0x08003db1   Thumb Code     0  fflt_clz.o(x$fpl$fflt)
    _fflt                                    0x08003db1   Thumb Code    48  fflt_clz.o(x$fpl$fflt)
    __aeabi_fmul                             0x08003de1   Thumb Code     0  fmul.o(x$fpl$fmul)
    _fmul                                    0x08003de1   Thumb Code   258  fmul.o(x$fpl$fmul)
    __fpl_fnaninf                            0x08003ee3   Thumb Code   140  fnaninf.o(x$fpl$fnaninf)
    __fpl_fretinf                            0x08003f6f   Thumb Code    10  fretinf.o(x$fpl$fretinf)
    __aeabi_fsub                             0x08003f79   Thumb Code     0  faddsub_clz.o(x$fpl$fsub)
    _fsub                                    0x08003f79   Thumb Code   234  faddsub_clz.o(x$fpl$fsub)
    __fpl_return_NaN                         0x08004063   Thumb Code   100  retnan.o(x$fpl$retnan)
    __ARM_scalbn                             0x080040c7   Thumb Code    92  scalbn.o(x$fpl$scalbn)
    __fpl_cmpreturn                          0x08004123   Thumb Code    48  trapv.o(x$fpl$trapveneer)
    OLED_F8x16                               0x08004152   Data        1520  oled_data.o(.constdata)
    __I$use$fp                               0x08004152   Number         0  usenofp.o(x$fpl$usenofp)
    OLED_F6x8                                0x08004742   Data         570  oled_data.o(.constdata)
    AHBPrescTable                            0x0800498e   Data          16  system_stm32f1xx.o(.constdata)
    __mathlib_zero                           0x08004af0   Data           8  qnan.o(.constdata)
    Region$$Table$$Base                      0x08004be8   Number         0  anon$$obj.o(Region$$Table)
    Region$$Table$$Limit                     0x08004c08   Number         0  anon$$obj.o(Region$$Table)
    ID                                       0x20000000   Data           1  main.o(.data)
    roll                                     0x20000004   Data           4  main.o(.data)
    picth                                    0x20000008   Data           4  main.o(.data)
    AX                                       0x2000000c   Data           2  imu.o(.data)
    AY                                       0x2000000e   Data           2  imu.o(.data)
    AZ                                       0x20000010   Data           2  imu.o(.data)
    GX                                       0x20000012   Data           2  imu.o(.data)
    GY                                       0x20000014   Data           2  imu.o(.data)
    GZ                                       0x20000016   Data           2  imu.o(.data)
    AX0                                      0x20000018   Data           2  imu.o(.data)
    AY0                                      0x2000001a   Data           2  imu.o(.data)
    AZ0                                      0x2000001c   Data           2  imu.o(.data)
    GX0                                      0x2000001e   Data           2  imu.o(.data)
    GY0                                      0x20000020   Data           2  imu.o(.data)
    GZ0                                      0x20000022   Data           2  imu.o(.data)
    rad2deg                                  0x20000024   Data           4  imu.o(.data)
    roll_v                                   0x20000028   Data           4  imu.o(.data)
    pitch_v                                  0x2000002c   Data           4  imu.o(.data)
    dt                                       0x20000030   Data           4  imu.o(.data)
    gyro_roll                                0x20000034   Data           4  imu.o(.data)
    gyro_pitch                               0x20000038   Data           4  imu.o(.data)
    acc_roll                                 0x2000003c   Data           4  imu.o(.data)
    acc_pitch                                0x20000040   Data           4  imu.o(.data)
    i                                        0x20000044   Data           4  imu.o(.data)
    ax_offset                                0x20000048   Data           4  imu.o(.data)
    ay_offset                                0x2000004c   Data           4  imu.o(.data)
    gx_offset                                0x20000050   Data           4  imu.o(.data)
    gy_offset                                0x20000054   Data           4  imu.o(.data)
    e_P                                      0x20000058   Data          16  imu.o(.data)
    uwTickFreq                               0x20000068   Data           1  stm32f1xx_hal.o(.data)
    uwTickPrio                               0x2000006c   Data           4  stm32f1xx_hal.o(.data)
    uwTick                                   0x20000070   Data           4  stm32f1xx_hal.o(.data)
    SystemCoreClock                          0x20000074   Data           4  system_stm32f1xx.o(.data)
    OLED_DisplayBuf                          0x20000078   Data        1024  oled.o(.bss)
    hcan                                     0x20000478   Data          40  can.o(.bss)
    k_k                                      0x200004a0   Data          16  imu.o(.bss)
    __libspace_start                         0x200004b0   Data          96  libspace.o(.bss)
    __temporary_stack_top$libspace           0x20000510   Data           0  libspace.o(.bss)



==============================================================================

Memory Map of the image

  Image Entry point : 0x080000ed

  Load Region LR_IROM1 (Base: 0x08000000, Size: 0x00004c80, Max: 0x00010000, ABSOLUTE)

    Execution Region ER_IROM1 (Exec base: 0x08000000, Load base: 0x08000000, Size: 0x00004c08, Max: 0x00010000, ABSOLUTE)

    Exec Addr    Load Addr    Size         Type   Attr      Idx    E Section Name        Object

    0x08000000   0x08000000   0x000000ec   Data   RO            3    RESET               startup_stm32f103xb.o
    0x080000ec   0x080000ec   0x00000008   Code   RO         2076  * !!!main             c_w.l(__main.o)
    0x080000f4   0x080000f4   0x00000034   Code   RO         2561    !!!scatter          c_w.l(__scatter.o)
    0x08000128   0x08000128   0x0000001a   Code   RO         2563    !!handler_copy      c_w.l(__scatter_copy.o)
    0x08000142   0x08000142   0x00000002   PAD
    0x08000144   0x08000144   0x0000001c   Code   RO         2565    !!handler_zi        c_w.l(__scatter_zi.o)
    0x08000160   0x08000160   0x00000002   Code   RO         2425    .ARM.Collect$$libinit$$00000000  c_w.l(libinit.o)
    0x08000162   0x08000162   0x00000000   Code   RO         2436    .ARM.Collect$$libinit$$00000002  c_w.l(libinit2.o)
    0x08000162   0x08000162   0x00000000   Code   RO         2438    .ARM.Collect$$libinit$$00000004  c_w.l(libinit2.o)
    0x08000162   0x08000162   0x00000000   Code   RO         2441    .ARM.Collect$$libinit$$0000000A  c_w.l(libinit2.o)
    0x08000162   0x08000162   0x00000000   Code   RO         2443    .ARM.Collect$$libinit$$0000000C  c_w.l(libinit2.o)
    0x08000162   0x08000162   0x00000000   Code   RO         2445    .ARM.Collect$$libinit$$0000000E  c_w.l(libinit2.o)
    0x08000162   0x08000162   0x00000000   Code   RO         2448    .ARM.Collect$$libinit$$00000011  c_w.l(libinit2.o)
    0x08000162   0x08000162   0x00000000   Code   RO         2450    .ARM.Collect$$libinit$$00000013  c_w.l(libinit2.o)
    0x08000162   0x08000162   0x00000000   Code   RO         2452    .ARM.Collect$$libinit$$00000015  c_w.l(libinit2.o)
    0x08000162   0x08000162   0x00000000   Code   RO         2454    .ARM.Collect$$libinit$$00000017  c_w.l(libinit2.o)
    0x08000162   0x08000162   0x00000000   Code   RO         2456    .ARM.Collect$$libinit$$00000019  c_w.l(libinit2.o)
    0x08000162   0x08000162   0x00000000   Code   RO         2458    .ARM.Collect$$libinit$$0000001B  c_w.l(libinit2.o)
    0x08000162   0x08000162   0x00000000   Code   RO         2460    .ARM.Collect$$libinit$$0000001D  c_w.l(libinit2.o)
    0x08000162   0x08000162   0x00000000   Code   RO         2462    .ARM.Collect$$libinit$$0000001F  c_w.l(libinit2.o)
    0x08000162   0x08000162   0x00000000   Code   RO         2464    .ARM.Collect$$libinit$$00000021  c_w.l(libinit2.o)
    0x08000162   0x08000162   0x00000000   Code   RO         2466    .ARM.Collect$$libinit$$00000023  c_w.l(libinit2.o)
    0x08000162   0x08000162   0x00000000   Code   RO         2468    .ARM.Collect$$libinit$$00000025  c_w.l(libinit2.o)
    0x08000162   0x08000162   0x00000000   Code   RO         2472    .ARM.Collect$$libinit$$0000002C  c_w.l(libinit2.o)
    0x08000162   0x08000162   0x00000000   Code   RO         2474    .ARM.Collect$$libinit$$0000002E  c_w.l(libinit2.o)
    0x08000162   0x08000162   0x00000000   Code   RO         2476    .ARM.Collect$$libinit$$00000030  c_w.l(libinit2.o)
    0x08000162   0x08000162   0x00000000   Code   RO         2478    .ARM.Collect$$libinit$$00000032  c_w.l(libinit2.o)
    0x08000162   0x08000162   0x00000002   Code   RO         2479    .ARM.Collect$$libinit$$00000033  c_w.l(libinit2.o)
    0x08000164   0x08000164   0x00000002   Code   RO         2501    .ARM.Collect$$libshutdown$$00000000  c_w.l(libshutdown.o)
    0x08000166   0x08000166   0x00000000   Code   RO         2514    .ARM.Collect$$libshutdown$$00000002  c_w.l(libshutdown2.o)
    0x08000166   0x08000166   0x00000000   Code   RO         2516    .ARM.Collect$$libshutdown$$00000004  c_w.l(libshutdown2.o)
    0x08000166   0x08000166   0x00000000   Code   RO         2519    .ARM.Collect$$libshutdown$$00000007  c_w.l(libshutdown2.o)
    0x08000166   0x08000166   0x00000000   Code   RO         2522    .ARM.Collect$$libshutdown$$0000000A  c_w.l(libshutdown2.o)
    0x08000166   0x08000166   0x00000000   Code   RO         2524    .ARM.Collect$$libshutdown$$0000000C  c_w.l(libshutdown2.o)
    0x08000166   0x08000166   0x00000000   Code   RO         2527    .ARM.Collect$$libshutdown$$0000000F  c_w.l(libshutdown2.o)
    0x08000166   0x08000166   0x00000002   Code   RO         2528    .ARM.Collect$$libshutdown$$00000010  c_w.l(libshutdown2.o)
    0x08000168   0x08000168   0x00000000   Code   RO         2184    .ARM.Collect$$rtentry$$00000000  c_w.l(__rtentry.o)
    0x08000168   0x08000168   0x00000000   Code   RO         2337    .ARM.Collect$$rtentry$$00000002  c_w.l(__rtentry2.o)
    0x08000168   0x08000168   0x00000006   Code   RO         2349    .ARM.Collect$$rtentry$$00000004  c_w.l(__rtentry4.o)
    0x0800016e   0x0800016e   0x00000000   Code   RO         2339    .ARM.Collect$$rtentry$$00000009  c_w.l(__rtentry2.o)
    0x0800016e   0x0800016e   0x00000004   Code   RO         2340    .ARM.Collect$$rtentry$$0000000A  c_w.l(__rtentry2.o)
    0x08000172   0x08000172   0x00000000   Code   RO         2342    .ARM.Collect$$rtentry$$0000000C  c_w.l(__rtentry2.o)
    0x08000172   0x08000172   0x00000008   Code   RO         2343    .ARM.Collect$$rtentry$$0000000D  c_w.l(__rtentry2.o)
    0x0800017a   0x0800017a   0x00000002   Code   RO         2430    .ARM.Collect$$rtexit$$00000000  c_w.l(rtexit.o)
    0x0800017c   0x0800017c   0x00000000   Code   RO         2483    .ARM.Collect$$rtexit$$00000002  c_w.l(rtexit2.o)
    0x0800017c   0x0800017c   0x00000004   Code   RO         2484    .ARM.Collect$$rtexit$$00000003  c_w.l(rtexit2.o)
    0x08000180   0x08000180   0x00000006   Code   RO         2485    .ARM.Collect$$rtexit$$00000004  c_w.l(rtexit2.o)
    0x08000186   0x08000186   0x00000002   PAD
    0x08000188   0x08000188   0x00000040   Code   RO            4    .text               startup_stm32f103xb.o
    0x080001c8   0x080001c8   0x0000004e   Code   RO         2070    .text               c_w.l(rt_memclr_w.o)
    0x08000216   0x08000216   0x00000006   Code   RO         2074    .text               c_w.l(heapauxi.o)
    0x0800021c   0x0800021c   0x00000016   Code   RO         2185    .text               c_w.l(_rserrno.o)
    0x08000232   0x08000232   0x00000002   PAD
    0x08000234   0x08000234   0x00000008   Code   RO         2354    .text               c_w.l(rt_errno_addr_intlibspace.o)
    0x0800023c   0x0800023c   0x00000008   Code   RO         2376    .text               c_w.l(libspace.o)
    0x08000244   0x08000244   0x0000004a   Code   RO         2379    .text               c_w.l(sys_stackheap_outer.o)
    0x0800028e   0x0800028e   0x00000012   Code   RO         2418    .text               c_w.l(exit.o)
    0x080002a0   0x080002a0   0x0000000c   Code   RO         2493    .text               c_w.l(sys_exit.o)
    0x080002ac   0x080002ac   0x00000002   Code   RO         2504    .text               c_w.l(use_no_semi.o)
    0x080002ae   0x080002ae   0x00000000   Code   RO         2506    .text               c_w.l(indicate_semi.o)
    0x080002ae   0x080002ae   0x00000002   Code   RO          647    i.BusFault_Handler  stm32f1xx_it.o
    0x080002b0   0x080002b0   0x00000002   Code   RO          648    i.DebugMon_Handler  stm32f1xx_it.o
    0x080002b2   0x080002b2   0x00000004   Code   RO          498    i.Error_Handler     main.o
    0x080002b6   0x080002b6   0x00000002   PAD
    0x080002b8   0x080002b8   0x000000ee   Code   RO          821    i.HAL_CAN_ConfigFilter  stm32f1xx_hal_can.o
    0x080003a6   0x080003a6   0x0000011a   Code   RO          832    i.HAL_CAN_Init      stm32f1xx_hal_can.o
    0x080004c0   0x080004c0   0x0000006c   Code   RO          606    i.HAL_CAN_MspInit   can.o
    0x0800052c   0x0800052c   0x00000058   Code   RO          844    i.HAL_CAN_Start     stm32f1xx_hal_can.o
    0x08000584   0x08000584   0x000001e0   Code   RO         1369    i.HAL_GPIO_Init     stm32f1xx_hal_gpio.o
    0x08000764   0x08000764   0x0000000a   Code   RO         1371    i.HAL_GPIO_ReadPin  stm32f1xx_hal_gpio.o
    0x0800076e   0x0800076e   0x0000000a   Code   RO         1373    i.HAL_GPIO_WritePin  stm32f1xx_hal_gpio.o
    0x08000778   0x08000778   0x0000000c   Code   RO         1063    i.HAL_GetTick       stm32f1xx_hal.o
    0x08000784   0x08000784   0x00000010   Code   RO         1069    i.HAL_IncTick       stm32f1xx_hal.o
    0x08000794   0x08000794   0x00000024   Code   RO         1070    i.HAL_Init          stm32f1xx_hal.o
    0x080007b8   0x080007b8   0x00000040   Code   RO         1071    i.HAL_InitTick      stm32f1xx_hal.o
    0x080007f8   0x080007f8   0x0000003c   Code   RO          722    i.HAL_MspInit       stm32f1xx_hal_msp.o
    0x08000834   0x08000834   0x00000040   Code   RO         1535    i.HAL_NVIC_SetPriority  stm32f1xx_hal_cortex.o
    0x08000874   0x08000874   0x00000024   Code   RO         1536    i.HAL_NVIC_SetPriorityGrouping  stm32f1xx_hal_cortex.o
    0x08000898   0x08000898   0x0000012c   Code   RO         1227    i.HAL_RCC_ClockConfig  stm32f1xx_hal_rcc.o
    0x080009c4   0x080009c4   0x0000004c   Code   RO         1236    i.HAL_RCC_GetSysClockFreq  stm32f1xx_hal_rcc.o
    0x08000a10   0x08000a10   0x00000320   Code   RO         1239    i.HAL_RCC_OscConfig  stm32f1xx_hal_rcc.o
    0x08000d30   0x08000d30   0x00000028   Code   RO         1540    i.HAL_SYSTICK_Config  stm32f1xx_hal_cortex.o
    0x08000d58   0x08000d58   0x00000002   Code   RO          649    i.HardFault_Handler  stm32f1xx_it.o
    0x08000d5a   0x08000d5a   0x00000002   PAD
    0x08000d5c   0x08000d5c   0x0000002c   Code   RO          499    i.Init_Filter       main.o
    0x08000d88   0x08000d88   0x00000092   Code   RO           13    i.MPU6050_GetData   mpu6050.o
    0x08000e1a   0x08000e1a   0x00000006   Code   RO           14    i.MPU6050_GetID     mpu6050.o
    0x08000e20   0x08000e20   0x0000003a   Code   RO           15    i.MPU6050_Init      mpu6050.o
    0x08000e5a   0x08000e5a   0x0000003e   Code   RO           16    i.MPU6050_ReadReg   mpu6050.o
    0x08000e98   0x08000e98   0x00000030   Code   RO           17    i.MPU6050_WriteReg  mpu6050.o
    0x08000ec8   0x08000ec8   0x00000044   Code   RO          607    i.MX_CAN_Init       can.o
    0x08000f0c   0x08000f0c   0x000000a0   Code   RO          581    i.MX_GPIO_Init      gpio.o
    0x08000fac   0x08000fac   0x00000002   Code   RO          650    i.MemManage_Handler  stm32f1xx_it.o
    0x08000fae   0x08000fae   0x00000002   PAD
    0x08000fb0   0x08000fb0   0x00000010   Code   RO          152    i.MyI2C_Init        myi2c.o
    0x08000fc0   0x08000fc0   0x00000018   Code   RO          153    i.MyI2C_R_SDA       myi2c.o
    0x08000fd8   0x08000fd8   0x0000001e   Code   RO          154    i.MyI2C_ReceiveAck  myi2c.o
    0x08000ff6   0x08000ff6   0x00000032   Code   RO          155    i.MyI2C_ReceiveByte  myi2c.o
    0x08001028   0x08001028   0x00000016   Code   RO          156    i.MyI2C_SendAck     myi2c.o
    0x0800103e   0x0800103e   0x0000002c   Code   RO          157    i.MyI2C_SendByte    myi2c.o
    0x0800106a   0x0800106a   0x0000001e   Code   RO          158    i.MyI2C_Start       myi2c.o
    0x08001088   0x08001088   0x00000018   Code   RO          159    i.MyI2C_Stop        myi2c.o
    0x080010a0   0x080010a0   0x00000010   Code   RO          160    i.MyI2C_W_SCL       myi2c.o
    0x080010b0   0x080010b0   0x00000010   Code   RO          161    i.MyI2C_W_SDA       myi2c.o
    0x080010c0   0x080010c0   0x00000002   Code   RO          651    i.NMI_Handler       stm32f1xx_it.o
    0x080010c2   0x080010c2   0x00000002   PAD
    0x080010c4   0x080010c4   0x00000028   Code   RO          228    i.OLED_Clear        oled.o
    0x080010ec   0x080010ec   0x0000005c   Code   RO          229    i.OLED_ClearArea    oled.o
    0x08001148   0x08001148   0x0000002a   Code   RO          237    i.OLED_GPIO_Init    oled.o
    0x08001172   0x08001172   0x0000003a   Code   RO          239    i.OLED_I2C_SendByte  oled.o
    0x080011ac   0x080011ac   0x0000001e   Code   RO          240    i.OLED_I2C_Start    oled.o
    0x080011ca   0x080011ca   0x00000018   Code   RO          241    i.OLED_I2C_Stop     oled.o
    0x080011e2   0x080011e2   0x0000009c   Code   RO          242    i.OLED_Init         oled.o
    0x0800127e   0x0800127e   0x0000000e   Code   RO          244    i.OLED_Pow          oled.o
    0x0800128c   0x0800128c   0x00000022   Code   RO          248    i.OLED_SetCursor    oled.o
    0x080012ae   0x080012ae   0x00000002   PAD
    0x080012b0   0x080012b0   0x0000003c   Code   RO          250    i.OLED_ShowChar     oled.o
    0x080012ec   0x080012ec   0x000000be   Code   RO          251    i.OLED_ShowFloatNum  oled.o
    0x080013aa   0x080013aa   0x00000002   PAD
    0x080013ac   0x080013ac   0x000000bc   Code   RO          253    i.OLED_ShowImage    oled.o
    0x08001468   0x08001468   0x00000046   Code   RO          254    i.OLED_ShowNum      oled.o
    0x080014ae   0x080014ae   0x00000002   PAD
    0x080014b0   0x080014b0   0x00000028   Code   RO          257    i.OLED_Update       oled.o
    0x080014d8   0x080014d8   0x00000010   Code   RO          259    i.OLED_W_SCL        oled.o
    0x080014e8   0x080014e8   0x00000010   Code   RO          260    i.OLED_W_SDA        oled.o
    0x080014f8   0x080014f8   0x00000022   Code   RO          261    i.OLED_WriteCommand  oled.o
    0x0800151a   0x0800151a   0x00000030   Code   RO          262    i.OLED_WriteData    oled.o
    0x0800154a   0x0800154a   0x00000002   Code   RO          652    i.PendSV_Handler    stm32f1xx_it.o
    0x0800154c   0x0800154c   0x00000002   Code   RO          653    i.SVC_Handler       stm32f1xx_it.o
    0x0800154e   0x0800154e   0x00000004   Code   RO          654    i.SysTick_Handler   stm32f1xx_it.o
    0x08001552   0x08001552   0x0000005e   Code   RO          503    i.SystemClock_Config  main.o
    0x080015b0   0x080015b0   0x00000002   Code   RO         2030    i.SystemInit        system_stm32f1xx.o
    0x080015b2   0x080015b2   0x00000002   Code   RO          655    i.UsageFault_Handler  stm32f1xx_it.o
    0x080015b4   0x080015b4   0x00000028   Code   RO         2320    i.__ARM_fpclassify  m_ws.l(fpclassify.o)
    0x080015dc   0x080015dc   0x00000020   Code   RO         1542    i.__NVIC_SetPriority  stm32f1xx_hal_cortex.o
    0x080015fc   0x080015fc   0x00000388   Code   RO         2325    i.__ieee754_rem_pio2  m_ws.l(rred.o)
    0x08001984   0x08001984   0x000000fc   Code   RO         2303    i.__kernel_cos      m_ws.l(cos_i.o)
    0x08001a80   0x08001a80   0x000000aa   Code   RO         2322    i.__kernel_poly     m_ws.l(poly.o)
    0x08001b2a   0x08001b2a   0x00000002   PAD
    0x08001b2c   0x08001b2c   0x000000ec   Code   RO         2330    i.__kernel_sin      m_ws.l(sin_i.o)
    0x08001c18   0x08001c18   0x00000010   Code   RO         2306    i.__mathlib_dbl_divzero  m_ws.l(dunder.o)
    0x08001c28   0x08001c28   0x00000006   Code   RO         2307    i.__mathlib_dbl_infnan  m_ws.l(dunder.o)
    0x08001c2e   0x08001c2e   0x00000004   Code   RO         2308    i.__mathlib_dbl_infnan2  m_ws.l(dunder.o)
    0x08001c32   0x08001c32   0x0000000c   Code   RO         2309    i.__mathlib_dbl_invalid  m_ws.l(dunder.o)
    0x08001c3e   0x08001c3e   0x0000000e   Code   RO         2310    i.__mathlib_dbl_overflow  m_ws.l(dunder.o)
    0x08001c4c   0x08001c4c   0x00000010   Code   RO         2312    i.__mathlib_dbl_underflow  m_ws.l(dunder.o)
    0x08001c5c   0x08001c5c   0x00000220   Code   RO         2131    i.atan              m_ws.l(atan.o)
    0x08001e7c   0x08001e7c   0x0000009c   Code   RO         2149    i.cos               m_ws.l(cos.o)
    0x08001f18   0x08001f18   0x0000033c   Code   RO          746    i.loop              imu.o
    0x08002254   0x08002254   0x0000007c   Code   RO          504    i.main              main.o
    0x080022d0   0x080022d0   0x000009d8   Code   RO         2157    i.pow               m_ws.l(pow.o)
    0x08002ca8   0x08002ca8   0x00000094   Code   RO         2166    i.round             m_ws.l(round.o)
    0x08002d3c   0x08002d3c   0x000000a0   Code   RO         2169    i.sin               m_ws.l(sin.o)
    0x08002ddc   0x08002ddc   0x0000004c   Code   RO         2177    i.sqrt              m_ws.l(sqrt.o)
    0x08002e28   0x08002e28   0x00000062   Code   RO         2078    x$fpl$d2f           fz_ws.l(d2f.o)
    0x08002e8a   0x08002e8a   0x00000002   PAD
    0x08002e8c   0x08002e8c   0x00000150   Code   RO         2080    x$fpl$dadd          fz_ws.l(daddsub_clz.o)
    0x08002fdc   0x08002fdc   0x00000010   Code   RO         2374    x$fpl$dcheck1       fz_ws.l(dcheck1.o)
    0x08002fec   0x08002fec   0x00000018   Code   RO         2278    x$fpl$dcmpinf       fz_ws.l(dcmpi.o)
    0x08003004   0x08003004   0x000002b0   Code   RO         2087    x$fpl$ddiv          fz_ws.l(ddiv.o)
    0x080032b4   0x080032b4   0x0000005e   Code   RO         2090    x$fpl$dfix          fz_ws.l(dfix.o)
    0x08003312   0x08003312   0x00000002   PAD
    0x08003314   0x08003314   0x0000005a   Code   RO         2094    x$fpl$dfixu         fz_ws.l(dfixu.o)
    0x0800336e   0x0800336e   0x0000002e   Code   RO         2099    x$fpl$dflt          fz_ws.l(dflt_clz.o)
    0x0800339c   0x0800339c   0x00000026   Code   RO         2098    x$fpl$dfltu         fz_ws.l(dflt_clz.o)
    0x080033c2   0x080033c2   0x00000002   PAD
    0x080033c4   0x080033c4   0x00000078   Code   RO         2104    x$fpl$dleqf         fz_ws.l(dleqf.o)
    0x0800343c   0x0800343c   0x00000154   Code   RO         2106    x$fpl$dmul          fz_ws.l(dmul.o)
    0x08003590   0x08003590   0x0000009c   Code   RO         2280    x$fpl$dnaninf       fz_ws.l(dnaninf.o)
    0x0800362c   0x0800362c   0x0000000c   Code   RO         2282    x$fpl$dretinf       fz_ws.l(dretinf.o)
    0x08003638   0x08003638   0x0000006c   Code   RO         2108    x$fpl$drleqf        fz_ws.l(drleqf.o)
    0x080036a4   0x080036a4   0x000000b4   Code   RO         2284    x$fpl$drnd          fz_ws.l(drnd.o)
    0x08003758   0x08003758   0x00000016   Code   RO         2081    x$fpl$drsb          fz_ws.l(daddsub_clz.o)
    0x0800376e   0x0800376e   0x00000002   PAD
    0x08003770   0x08003770   0x000001cc   Code   RO         2286    x$fpl$dsqrt         fz_ws.l(dsqrt_noumaal.o)
    0x0800393c   0x0800393c   0x000001d4   Code   RO         2082    x$fpl$dsub          fz_ws.l(daddsub_clz.o)
    0x08003b10   0x08003b10   0x00000056   Code   RO         2110    x$fpl$f2d           fz_ws.l(f2d.o)
    0x08003b66   0x08003b66   0x00000002   PAD
    0x08003b68   0x08003b68   0x000000c4   Code   RO         2112    x$fpl$fadd          fz_ws.l(faddsub_clz.o)
    0x08003c2c   0x08003c2c   0x00000184   Code   RO         2119    x$fpl$fdiv          fz_ws.l(fdiv.o)
    0x08003db0   0x08003db0   0x00000030   Code   RO         2123    x$fpl$fflt          fz_ws.l(fflt_clz.o)
    0x08003de0   0x08003de0   0x00000102   Code   RO         2128    x$fpl$fmul          fz_ws.l(fmul.o)
    0x08003ee2   0x08003ee2   0x0000008c   Code   RO         2288    x$fpl$fnaninf       fz_ws.l(fnaninf.o)
    0x08003f6e   0x08003f6e   0x0000000a   Code   RO         2290    x$fpl$fretinf       fz_ws.l(fretinf.o)
    0x08003f78   0x08003f78   0x000000ea   Code   RO         2114    x$fpl$fsub          fz_ws.l(faddsub_clz.o)
    0x08004062   0x08004062   0x00000064   Code   RO         2428    x$fpl$retnan        fz_ws.l(retnan.o)
    0x080040c6   0x080040c6   0x0000005c   Code   RO         2300    x$fpl$scalbn        fz_ws.l(scalbn.o)
    0x08004122   0x08004122   0x00000030   Code   RO         2480    x$fpl$trapveneer    fz_ws.l(trapv.o)
    0x08004152   0x08004152   0x00000000   Code   RO         2302    x$fpl$usenofp       fz_ws.l(usenofp.o)
    0x08004152   0x08004152   0x000005f0   Data   RO          480    .constdata          oled_data.o
    0x08004742   0x08004742   0x0000023a   Data   RO          481    .constdata          oled_data.o
    0x0800497c   0x0800497c   0x00000012   Data   RO         1240    .constdata          stm32f1xx_hal_rcc.o
    0x0800498e   0x0800498e   0x00000010   Data   RO         2031    .constdata          system_stm32f1xx.o
    0x0800499e   0x0800499e   0x00000002   PAD
    0x080049a0   0x080049a0   0x00000098   Data   RO         2132    .constdata          m_ws.l(atan.o)
    0x08004a38   0x08004a38   0x00000088   Data   RO         2158    .constdata          m_ws.l(pow.o)
    0x08004ac0   0x08004ac0   0x00000030   Data   RO         2304    .constdata          m_ws.l(cos_i.o)
    0x08004af0   0x08004af0   0x00000008   Data   RO         2324    .constdata          m_ws.l(qnan.o)
    0x08004af8   0x08004af8   0x000000c8   Data   RO         2327    .constdata          m_ws.l(rred.o)
    0x08004bc0   0x08004bc0   0x00000028   Data   RO         2331    .constdata          m_ws.l(sin_i.o)
    0x08004be8   0x08004be8   0x00000020   Data   RO         2559    Region$$Table       anon$$obj.o


    Execution Region RW_IRAM1 (Exec base: 0x20000000, Load base: 0x08004c08, Size: 0x00000b10, Max: 0x00005000, ABSOLUTE)

    Exec Addr    Load Addr    Size         Type   Attr      Idx    E Section Name        Object

    0x20000000   0x08004c08   0x0000000c   Data   RW          508    .data               main.o
    0x2000000c   0x08004c14   0x0000005c   Data   RW          749    .data               imu.o
    0x20000068   0x08004c70   0x0000000c   Data   RW         1077    .data               stm32f1xx_hal.o
    0x20000074   0x08004c7c   0x00000004   Data   RW         2033    .data               system_stm32f1xx.o
    0x20000078        -       0x00000400   Zero   RW          264    .bss                oled.o
    0x20000478        -       0x00000028   Zero   RW          608    .bss                can.o
    0x200004a0        -       0x00000010   Zero   RW          748    .bss                imu.o
    0x200004b0        -       0x00000060   Zero   RW         2377    .bss                c_w.l(libspace.o)
    0x20000510        -       0x00000200   Zero   RW            2    HEAP                startup_stm32f103xb.o
    0x20000710        -       0x00000400   Zero   RW            1    STACK               startup_stm32f103xb.o


==============================================================================

Image component sizes


      Code (inc. data)   RO Data    RW Data    ZI Data      Debug   Object Name

       176         22          0          0         40       1663   can.o
       160         10          0          0          0        971   gpio.o
       828         24          0         92         16       2056   imu.o
       266         16          0         12          0       3028   main.o
       320          0          0          0          0     393582   mpu6050.o
       272         16          0          0          0       5082   myi2c.o
      1152         40          0          0       1024      11145   oled.o
         0          0       2090          0          0       1126   oled_data.o
        64         26        236          0       1536        804   startup_stm32f103xb.o
       128         24          0         12          0       5325   stm32f1xx_hal.o
       608          0          0          0          0       3098   stm32f1xx_hal_can.o
       172         14          0          0          0      28310   stm32f1xx_hal_cortex.o
       500         34          0          0          0       3535   stm32f1xx_hal_gpio.o
        60          8          0          0          0        882   stm32f1xx_hal_msp.o
      1176         60         18          0          0       4002   stm32f1xx_hal_rcc.o
        20          0          0          0          0       3902   stm32f1xx_it.o
         2          0         16          4          0       1131   system_stm32f1xx.o

    ----------------------------------------------------------------------
      5918        294       2394        120       2616     469642   Object Totals
         0          0         32          0          0          0   (incl. Generated)
        14          0          2          0          0          0   (incl. Padding)

    ----------------------------------------------------------------------

      Code (inc. data)   RO Data    RW Data    ZI Data      Debug   Library Member Name

         8          0          0          0          0         68   __main.o
         0          0          0          0          0          0   __rtentry.o
        12          0          0          0          0          0   __rtentry2.o
         6          0          0          0          0          0   __rtentry4.o
        52          8          0          0          0          0   __scatter.o
        26          0          0          0          0          0   __scatter_copy.o
        28          0          0          0          0          0   __scatter_zi.o
        22          0          0          0          0        100   _rserrno.o
        18          0          0          0          0         80   exit.o
         6          0          0          0          0        152   heapauxi.o
         0          0          0          0          0          0   indicate_semi.o
         2          0          0          0          0          0   libinit.o
         2          0          0          0          0          0   libinit2.o
         2          0          0          0          0          0   libshutdown.o
         2          0          0          0          0          0   libshutdown2.o
         8          4          0          0         96         68   libspace.o
         8          4          0          0          0         68   rt_errno_addr_intlibspace.o
        78          0          0          0          0         80   rt_memclr_w.o
         2          0          0          0          0          0   rtexit.o
        10          0          0          0          0          0   rtexit2.o
        12          4          0          0          0         68   sys_exit.o
        74          0          0          0          0         80   sys_stackheap_outer.o
         2          0          0          0          0         68   use_no_semi.o
        98          4          0          0          0         92   d2f.o
       826         16          0          0          0        348   daddsub_clz.o
        16          4          0          0          0         68   dcheck1.o
        24          0          0          0          0         68   dcmpi.o
       688        140          0          0          0        208   ddiv.o
        94          4          0          0          0         92   dfix.o
        90          4          0          0          0         92   dfixu.o
        84          0          0          0          0        136   dflt_clz.o
       120          4          0          0          0         92   dleqf.o
       340         12          0          0          0        104   dmul.o
       156          4          0          0          0         92   dnaninf.o
        12          0          0          0          0         68   dretinf.o
       108          0          0          0          0         80   drleqf.o
       180          4          0          0          0         80   drnd.o
       460         56          0          0          0        120   dsqrt_noumaal.o
        86          4          0          0          0         84   f2d.o
       430          8          0          0          0        168   faddsub_clz.o
       388         76          0          0          0         96   fdiv.o
        48          0          0          0          0         68   fflt_clz.o
       258          4          0          0          0         84   fmul.o
       140          4          0          0          0         84   fnaninf.o
        10          0          0          0          0         68   fretinf.o
       100          0          0          0          0         68   retnan.o
        92          0          0          0          0         68   scalbn.o
        48          0          0          0          0         68   trapv.o
         0          0          0          0          0          0   usenofp.o
       544         70        152          0          0        124   atan.o
       156          8          0          0          0        104   cos.o
       252         22         48          0          0        124   cos_i.o
        68         10          0          0          0        408   dunder.o
        40          0          0          0          0         68   fpclassify.o
       170          0          0          0          0         96   poly.o
      2520        190        136          0          0        324   pow.o
         0          0          8          0          0          0   qnan.o
       148         12          0          0          0         88   round.o
       904         76        200          0          0        140   rred.o
       160         10          0          0          0        108   sin.o
       236         12         40          0          0        128   sin_i.o
        76          0          0          0          0         84   sqrt.o

    ----------------------------------------------------------------------
     10568        778        584          0         96       5224   Library Totals
        18          0          0          0          0          0   (incl. Padding)

    ----------------------------------------------------------------------

      Code (inc. data)   RO Data    RW Data    ZI Data      Debug   Library Name

       380         20          0          0         96        832   c_w.l
      4896        348          0          0          0       2596   fz_ws.l
      5274        410        584          0          0       1796   m_ws.l

    ----------------------------------------------------------------------
     10568        778        584          0         96       5224   Library Totals

    ----------------------------------------------------------------------

==============================================================================


      Code (inc. data)   RO Data    RW Data    ZI Data      Debug   

     16486       1072       2978        120       2712     468830   Grand Totals
     16486       1072       2978        120       2712     468830   ELF Image Totals
     16486       1072       2978        120          0          0   ROM Totals

==============================================================================

    Total RO  Size (Code + RO Data)                19464 (  19.01kB)
    Total RW  Size (RW Data + ZI Data)              2832 (   2.77kB)
    Total ROM Size (Code + RO Data + RW Data)      19584 (  19.13kB)

==============================================================================

